Component: ARM Compiler 5.06 update 6 (build 750) Tool: armlink [4d35ed]

==============================================================================

Section Cross References

    main.o(i.Get_Temp) refers to ds18b20.o(i.DS18B20_Get_Temp) for DS18B20_Get_Temp
    main.o(i.Get_Temp) refers to dflt_clz.o(x$fpl$dflt) for __aeabi_i2d
    main.o(i.Get_Temp) refers to ddiv.o(x$fpl$ddiv) for __aeabi_ddiv
    main.o(i.Get_Temp) refers to lcd1602.o(i.LCD_Write_Number) for LCD_Write_Number
    main.o(i.Get_Temp) refers to main.o(.data) for GET_TEMP_SIGN
    main.o(i.PID_CALCULATE) refers to dfix.o(x$fpl$dfix) for __aeabi_d2iz
    main.o(i.PID_CALCULATE) refers to fflt_clz.o(x$fpl$fflt) for __aeabi_i2f
    main.o(i.PID_CALCULATE) refers to d2f.o(x$fpl$d2f) for __aeabi_d2f
    main.o(i.PID_CALCULATE) refers to pid.o(i.pid_calc) for pid_calc
    main.o(i.PID_CALCULATE) refers to fleqf.o(x$fpl$fleqf) for __aeabi_cfcmple
    main.o(i.PID_CALCULATE) refers to faddsub_clz.o(x$fpl$fsub) for __aeabi_fsub
    main.o(i.PID_CALCULATE) refers to ffixu.o(x$fpl$ffixu) for __aeabi_f2uiz
    main.o(i.PID_CALCULATE) refers to stm32f10x_tim.o(i.TIM_SetCompare2) for TIM_SetCompare2
    main.o(i.PID_CALCULATE) refers to main.o(.data) for PID_CAL_SIGN
    main.o(i.PID_CALCULATE) refers to main.o(.bss) for pid_temp
    main.o(i.get_key) refers to key.o(i.scan) for scan
    main.o(i.get_key) refers to daddsub_clz.o(x$fpl$dadd) for __aeabi_dadd
    main.o(i.get_key) refers to lcd1602.o(i.LCD_Write_Number) for LCD_Write_Number
    main.o(i.get_key) refers to daddsub_clz.o(x$fpl$dsub) for __aeabi_dsub
    main.o(i.get_key) refers to dfix.o(x$fpl$dfix) for __aeabi_d2iz
    main.o(i.get_key) refers to main.o(.data) for GET_KEY_SIGN
    main.o(i.init) refers to misc.o(i.NVIC_PriorityGroupConfig) for NVIC_PriorityGroupConfig
    main.o(i.init) refers to usart.o(i.uart_init) for uart_init
    main.o(i.init) refers to delay.o(i.delay_init) for delay_init
    main.o(i.init) refers to led.o(i.LED_Init) for LED_Init
    main.o(i.init) refers to key.o(i.KEY_Init) for KEY_Init
    main.o(i.init) refers to ds18b20.o(i.DS18B20_Init) for DS18B20_Init
    main.o(i.init) refers to lcd1602.o(i.LCD1602Init) for LCD1602Init
    main.o(i.init) refers to timer.o(i.TIM3_Int_Init) for TIM3_Int_Init
    main.o(i.init) refers to timer.o(i.TIM2_PWM_Init) for TIM2_PWM_Init
    main.o(i.init) refers to lcd1602.o(i.LCD_Write_String) for LCD_Write_String
    main.o(i.init) refers to stm32f10x_tim.o(i.TIM_SetCompare2) for TIM_SetCompare2
    main.o(i.main) refers to main.o(i.init) for init
    main.o(i.main) refers to pid.o(i.PID_struct_init) for PID_struct_init
    main.o(i.main) refers to lcd1602.o(i.LCD_Write_Number) for LCD_Write_Number
    main.o(i.main) refers to main.o(i.PID_CALCULATE) for PID_CALCULATE
    main.o(i.main) refers to stm32f10x_tim.o(i.TIM_SetCompare2) for TIM_SetCompare2
    main.o(i.main) refers to main.o(i.Get_Temp) for Get_Temp
    main.o(i.main) refers to main.o(i.get_key) for get_key
    main.o(i.main) refers to main.o(.bss) for pid_temp
    main.o(i.main) refers to main.o(.data) for setting_temperture
    system_stm32f10x.o(i.SetSysClock) refers to system_stm32f10x.o(i.SetSysClockTo72) for SetSysClockTo72
    system_stm32f10x.o(i.SystemCoreClockUpdate) refers to system_stm32f10x.o(.data) for SystemCoreClock
    system_stm32f10x.o(i.SystemInit) refers to system_stm32f10x.o(i.SetSysClock) for SetSysClock
    ds18b20.o(i.DS18B20_Check) refers to delay.o(i.delay_us) for delay_us
    ds18b20.o(i.DS18B20_Get_Temp) refers to ds18b20.o(i.DS18B20_Start) for DS18B20_Start
    ds18b20.o(i.DS18B20_Get_Temp) refers to ds18b20.o(i.DS18B20_Rst) for DS18B20_Rst
    ds18b20.o(i.DS18B20_Get_Temp) refers to ds18b20.o(i.DS18B20_Check) for DS18B20_Check
    ds18b20.o(i.DS18B20_Get_Temp) refers to ds18b20.o(i.DS18B20_Write_Byte) for DS18B20_Write_Byte
    ds18b20.o(i.DS18B20_Get_Temp) refers to ds18b20.o(i.DS18B20_Read_Byte) for DS18B20_Read_Byte
    ds18b20.o(i.DS18B20_Get_Temp) refers to fflt_clz.o(x$fpl$fflt) for __aeabi_i2f
    ds18b20.o(i.DS18B20_Get_Temp) refers to f2d.o(x$fpl$f2d) for __aeabi_f2d
    ds18b20.o(i.DS18B20_Get_Temp) refers to dmul.o(x$fpl$dmul) for __aeabi_dmul
    ds18b20.o(i.DS18B20_Get_Temp) refers to dfix.o(x$fpl$dfix) for __aeabi_d2iz
    ds18b20.o(i.DS18B20_Init) refers to ds18b20.o(i.DS18B20_Rst) for DS18B20_Rst
    ds18b20.o(i.DS18B20_Init) refers to ds18b20.o(i.DS18B20_Check) for DS18B20_Check
    ds18b20.o(i.DS18B20_Read_Bit) refers to delay.o(i.delay_us) for delay_us
    ds18b20.o(i.DS18B20_Read_Byte) refers to ds18b20.o(i.DS18B20_Read_Bit) for DS18B20_Read_Bit
    ds18b20.o(i.DS18B20_Rst) refers to delay.o(i.delay_us) for delay_us
    ds18b20.o(i.DS18B20_Start) refers to ds18b20.o(i.DS18B20_Rst) for DS18B20_Rst
    ds18b20.o(i.DS18B20_Start) refers to ds18b20.o(i.DS18B20_Check) for DS18B20_Check
    ds18b20.o(i.DS18B20_Start) refers to ds18b20.o(i.DS18B20_Write_Byte) for DS18B20_Write_Byte
[...]
    ../clib/fenv.c                           0x00000000   Number         0  _rserrno.o ABSOLUTE
    ../clib/heapalloc.c                      0x00000000   Number         0  hrguard.o ABSOLUTE
    ../clib/heapaux.c                        0x00000000   Number         0  heapauxi.o ABSOLUTE
    ../clib/libinit.s                        0x00000000   Number         0  libinit.o ABSOLUTE
    ../clib/libinit.s                        0x00000000   Number         0  libshutdown.o ABSOLUTE
    ../clib/libinit.s                        0x00000000   Number         0  libshutdown2.o ABSOLUTE
    ../clib/libinit.s                        0x00000000   Number         0  libinit2.o ABSOLUTE
    ../clib/longlong.s                       0x00000000   Number         0  lludivv7m.o ABSOLUTE
    ../clib/longlong.s                       0x00000000   Number         0  llsdiv.o ABSOLUTE
    ../clib/signal.c                         0x00000000   Number         0  defsig_rtmem_formal.o ABSOLUTE
    ../clib/signal.c                         0x00000000   Number         0  defsig_general.o ABSOLUTE
    ../clib/signal.c                         0x00000000   Number         0  defsig_fpe_inner.o ABSOLUTE
    ../clib/signal.c                         0x00000000   Number         0  defsig_exit.o ABSOLUTE
    ../clib/signal.c                         0x00000000   Number         0  __raise.o ABSOLUTE
    ../clib/signal.c                         0x00000000   Number         0  defsig_other.o ABSOLUTE
    ../clib/signal.c                         0x00000000   Number         0  defsig_segv_inner.o ABSOLUTE
    ../clib/signal.c                         0x00000000   Number         0  defsig_cppl_inner.o ABSOLUTE
    ../clib/signal.c                         0x00000000   Number         0  defsig_fpe_formal.o ABSOLUTE
    ../clib/signal.c                         0x00000000   Number         0  defsig_fpe_outer.o ABSOLUTE
    ../clib/signal.c                         0x00000000   Number         0  defsig_pvfn_inner.o ABSOLUTE
    ../clib/signal.c                         0x00000000   Number         0  defsig_stak_inner.o ABSOLUTE
    ../clib/signal.c                         0x00000000   Number         0  defsig_rtmem_inner.o ABSOLUTE
    ../clib/signal.c                         0x00000000   Number         0  defsig_rtred_inner.o ABSOLUTE
    ../clib/signal.c                         0x00000000   Number         0  defsig_abrt_inner.o ABSOLUTE
    ../clib/signal.c                         0x00000000   Number         0  defsig_rtmem_outer.o ABSOLUTE
    ../clib/signal.s                         0x00000000   Number         0  defsig.o ABSOLUTE
    ../clib/stdlib.c                         0x00000000   Number         0  exit.o ABSOLUTE
    ../fplib/d2f.s                           0x00000000   Number         0  d2f.o ABSOLUTE
    ../fplib/daddsub.s                       0x00000000   Number         0  daddsub_clz.o ABSOLUTE
    ../fplib/dcheck1.s                       0x00000000   Number         0  dcheck1.o ABSOLUTE
    ../fplib/dcmpi.s                         0x00000000   Number         0  dcmpi.o ABSOLUTE
    ../fplib/ddiv.s                          0x00000000   Number         0  ddiv.o ABSOLUTE
    ../fplib/dfix.s                          0x00000000   Number         0  dfix.o ABSOLUTE
    ../fplib/dfixll.s                        0x00000000   Number         0  dfixll.o ABSOLUTE
    ../fplib/dflt.s                          0x00000000   Number         0  dflt_clz.o ABSOLUTE
    ../fplib/dleqf.s                         0x00000000   Number         0  dleqf.o ABSOLUTE
    ../fplib/dmul.s                          0x00000000   Number         0  dmul.o ABSOLUTE
    ../fplib/dnaninf.s                       0x00000000   Number         0  dnaninf.o ABSOLUTE
    ../fplib/dretinf.s                       0x00000000   Number         0  dretinf.o ABSOLUTE
    ../fplib/drleqf.s                        0x00000000   Number         0  drleqf.o ABSOLUTE
    ../fplib/dsqrt.s                         0x00000000   Number         0  dsqrt_noumaal.o ABSOLUTE
    ../fplib/f2d.s                           0x00000000   Number         0  f2d.o ABSOLUTE
    ../fplib/faddsub.s                       0x00000000   Number         0  faddsub_clz.o ABSOLUTE
    ../fplib/fcmpi.s                         0x00000000   Number         0  fcmpi.o ABSOLUTE
    ../fplib/fdiv.s                          0x00000000   Number         0  fdiv.o ABSOLUTE
    ../fplib/feqf.s                          0x00000000   Number         0  feqf.o ABSOLUTE
    ../fplib/ffixu.s                         0x00000000   Number         0  ffixu.o ABSOLUTE
    ../fplib/fflt.s                          0x00000000   Number         0  fflt_clz.o ABSOLUTE
    ../fplib/fleqf.s                         0x00000000   Number         0  fleqf.o ABSOLUTE
    ../fplib/fmul.s                          0x00000000   Number         0  fmul.o ABSOLUTE
    ../fplib/fnaninf.s                       0x00000000   Number         0  fnaninf.o ABSOLUTE
    ../fplib/fpinit.s                        0x00000000   Number         0  fpinit.o ABSOLUTE
    ../fplib/fretinf.s                       0x00000000   Number         0  fretinf.o ABSOLUTE
    ../fplib/frleqf.s                        0x00000000   Number         0  frleqf.o ABSOLUTE
    ../fplib/retnan.s                        0x00000000   Number         0  retnan.o ABSOLUTE
    ../fplib/scalbn.s                        0x00000000   Number         0  scalbn.o ABSOLUTE
    ../fplib/trapv.s                         0x00000000   Number         0  trapv.o ABSOLUTE
    ../fplib/usenofp.s                       0x00000000   Number         0  usenofp.o ABSOLUTE
    ../mathlib/dunder.c                      0x00000000   Number         0  dunder.o ABSOLUTE
    ../mathlib/fpclassify.c                  0x00000000   Number         0  fpclassify.o ABSOLUTE
    ../mathlib/poly.c                        0x00000000   Number         0  poly.o ABSOLUTE
    ../mathlib/pow.c                         0x00000000   Number         0  pow_x.o ABSOLUTE
    ../mathlib/pow.c                         0x00000000   Number         0  pow.o ABSOLUTE
    ../mathlib/qnan.c                        0x00000000   Number         0  qnan.o ABSOLUTE
    ../mathlib/sqrt.c                        0x00000000   Number         0  sqrt_x.o ABSOLUTE
    ../mathlib/sqrt.c                        0x00000000   Number         0  sqrt.o ABSOLUTE
    ..\CORE\core_cm3.c                       0x00000000   Number         0  core_cm3.o ABSOLUTE
    ..\CORE\startup_stm32f10x_md.s           0x00000000   Number         0  startup_stm32f10x_md.o ABSOLUTE
    ..\HARDWARE\LED\led.c                    0x00000000   Number         0  led.o ABSOLUTE
    ..\STM32F10x_FWLib\src\misc.c            0x00000000   Number         0  misc.o ABSOLUTE
    ..\STM32F10x_FWLib\src\stm32f10x_adc.c   0x00000000   Number         0  stm32f10x_adc.o ABSOLUTE
    ..\STM32F10x_FWLib\src\stm32f10x_bkp.c   0x00000000   Number         0  stm32f10x_bkp.o ABSOLUTE
    ..\STM32F10x_FWLib\src\stm32f10x_can.c   0x00000000   Number         0  stm32f10x_can.o ABSOLUTE
    ..\STM32F10x_FWLib\src\stm32f10x_cec.c   0x00000000   Number         0  stm32f10x_cec.o ABSOLUTE
    ..\STM32F10x_FWLib\src\stm32f10x_crc.c   0x00000000   Number         0  stm32f10x_crc.o ABSOLUTE
    ..\STM32F10x_FWLib\src\stm32f10x_dac.c   0x00000000   Number         0  stm32f10x_dac.o ABSOLUTE
    ..\STM32F10x_FWLib\src\stm32f10x_dbgmcu.c 0x00000000   Number         0  stm32f10x_dbgmcu.o ABSOLUTE
    ..\STM32F10x_FWLib\src\stm32f10x_dma.c   0x00000000   Number         0  stm32f10x_dma.o ABSOLUTE
    ..\STM32F10x_FWLib\src\stm32f10x_exti.c  0x00000000   Number         0  stm32f10x_exti.o ABSOLUTE
    ..\STM32F10x_FWLib\src\stm32f10x_flash.c 0x00000000   Number         0  stm32f10x_flash.o ABSOLUTE
    ..\STM32F10x_FWLib\src\stm32f10x_fsmc.c  0x00000000   Number         0  stm32f10x_fsmc.o ABSOLUTE
    ..\STM32F10x_FWLib\src\stm32f10x_gpio.c  0x00000000   Number         0  stm32f10x_gpio.o ABSOLUTE
    ..\STM32F10x_FWLib\src\stm32f10x_i2c.c   0x00000000   Number         0  stm32f10x_i2c.o ABSOLUTE
    ..\STM32F10x_FWLib\src\stm32f10x_iwdg.c  0x00000000   Number         0  stm32f10x_iwdg.o ABSOLUTE
    ..\STM32F10x_FWLib\src\stm32f10x_pwr.c   0x00000000   Number         0  stm32f10x_pwr.o ABSOLUTE
    ..\STM32F10x_FWLib\src\stm32f10x_rcc.c   0x00000000   Number         0  stm32f10x_rcc.o ABSOLUTE
    ..\STM32F10x_FWLib\src\stm32f10x_rtc.c   0x00000000   Number         0  stm32f10x_rtc.o ABSOLUTE
    ..\STM32F10x_FWLib\src\stm32f10x_sdio.c  0x00000000   Number         0  stm32f10x_sdio.o ABSOLUTE
    ..\STM32F10x_FWLib\src\stm32f10x_spi.c   0x00000000   Number         0  stm32f10x_spi.o ABSOLUTE
    ..\STM32F10x_FWLib\src\stm32f10x_tim.c   0x00000000   Number         0  stm32f10x_tim.o ABSOLUTE
    ..\STM32F10x_FWLib\src\stm32f10x_usart.c 0x00000000   Number         0  stm32f10x_usart.o ABSOLUTE
    ..\STM32F10x_FWLib\src\stm32f10x_wwdg.c  0x00000000   Number         0  stm32f10x_wwdg.o ABSOLUTE
    ..\SYSTEM\delay\delay.c                  0x00000000   Number         0  delay.o ABSOLUTE
    ..\SYSTEM\sys\sys.c                      0x00000000   Number         0  sys.o ABSOLUTE
    ..\SYSTEM\usart\usart.c                  0x00000000   Number         0  usart.o ABSOLUTE
    ..\\CORE\\core_cm3.c                     0x00000000   Number         0  core_cm3.o ABSOLUTE
    ..\\SYSTEM\\sys\\sys.c                   0x00000000   Number         0  sys.o ABSOLUTE
    dc.s                                     0x00000000   Number         0  dc.o ABSOLUTE
    ds18b20.c                                0x00000000   Number         0  ds18b20.o ABSOLUTE
    key.c                                    0x00000000   Number         0  key.o ABSOLUTE
    lcd1602.c                                0x00000000   Number         0  lcd1602.o ABSOLUTE
    main.c                                   0x00000000   Number         0  main.o ABSOLUTE
    pid.c                                    0x00000000   Number         0  pid.o ABSOLUTE
    stm32f10x_it.c                           0x00000000   Number         0  stm32f10x_it.o ABSOLUTE
    system_stm32f10x.c                       0x00000000   Number         0  system_stm32f10x.o ABSOLUTE
    timer.c                                  0x00000000   Number         0  timer.o ABSOLUTE
    RESET                                    0x08000000   Section      236  startup_stm32f10x_md.o(RESET)
    !!!main                                  0x080000ec   Section        8  __main.o(!!!main)
    !!!scatter                               0x080000f4   Section       52  __scatter.o(!!!scatter)
    !!handler_copy                           0x08000128   Section       26  __scatter_copy.o(!!handler_copy)
    !!handler_zi                             0x08000144   Section       28  __scatter_zi.o(!!handler_zi)
    .ARM.Collect$$libinit$$00000000          0x08000160   Section        2  libinit.o(.ARM.Collect$$libinit$$00000000)
    .ARM.Collect$$libinit$$00000002          0x08000162   Section        0  libinit2.o(.ARM.Collect$$libinit$$00000002)
    .ARM.Collect$$libinit$$00000004          0x08000162   Section        0  libinit2.o(.ARM.Collect$$libinit$$00000004)
    .ARM.Collect$$libinit$$0000000A          0x08000162   Section        0  libinit2.o(.ARM.Collect$$libinit$$0000000A)
    .ARM.Collect$$libinit$$0000000C          0x08000162   Section        0  libinit2.o(.ARM.Collect$$libinit$$0000000C)
    .ARM.Collect$$libinit$$0000000E          0x08000162   Section        0  libinit2.o(.ARM.Collect$$libinit$$0000000E)
    .ARM.Collect$$libinit$$00000011          0x08000162   Section        0  libinit2.o(.ARM.Collect$$libinit$$00000011)
    .ARM.Collect$$libinit$$00000013          0x08000162   Section        0  libinit2.o(.ARM.Collect$$libinit$$00000013)
    .ARM.Collect$$libinit$$00000015          0x08000162   Section        0  libinit2.o(.ARM.Collect$$libinit$$00000015)
    .ARM.Collect$$libinit$$00000017          0x08000162   Section        0  libinit2.o(.ARM.Collect$$libinit$$00000017)
    .ARM.Collect$$libinit$$00000019          0x08000162   Section        0  libinit2.o(.ARM.Collect$$libinit$$00000019)
    .ARM.Collect$$libinit$$0000001B          0x08000162   Section        0  libinit2.o(.ARM.Collect$$libinit$$0000001B)
    .ARM.Collect$$libinit$$0000001D          0x08000162   Section        0  libinit2.o(.ARM.Collect$$libinit$$0000001D)
    .ARM.Collect$$libinit$$0000001F          0x08000162   Section        0  libinit2.o(.ARM.Collect$$libinit$$0000001F)
    .ARM.Collect$$libinit$$00000021          0x08000162   Section        0  libinit2.o(.ARM.Collect$$libinit$$00000021)
    .ARM.Collect$$libinit$$00000023          0x08000162   Section        0  libinit2.o(.ARM.Collect$$libinit$$00000023)
    .ARM.Collect$$libinit$$00000025          0x08000162   Section        0  libinit2.o(.ARM.Collect$$libinit$$00000025)
    .ARM.Collect$$libinit$$0000002C          0x08000162   Section        0  libinit2.o(.ARM.Collect$$libinit$$0000002C)
    .ARM.Collect$$libinit$$0000002E          0x08000162   Section        0  libinit2.o(.ARM.Collect$$libinit$$0000002E)
    .ARM.Collect$$libinit$$00000030          0x08000162   Section        0  libinit2.o(.ARM.Collect$$libinit$$00000030)
    .ARM.Collect$$libinit$$00000032          0x08000162   Section        0  libinit2.o(.ARM.Collect$$libinit$$00000032)
    .ARM.Collect$$libinit$$00000033          0x08000162   Section        2  libinit2.o(.ARM.Collect$$libinit$$00000033)
    .ARM.Collect$$libshutdown$$00000000      0x08000164   Section        2  libshutdown.o(.ARM.Collect$$libshutdown$$00000000)
    .ARM.Collect$$libshutdown$$00000002      0x08000166   Section        0  libshutdown2.o(.ARM.Collect$$libshutdown$$00000002)
    .ARM.Collect$$libshutdown$$00000004      0x08000166   Section        0  libshutdown2.o(.ARM.Collect$$libshutdown$$00000004)
    .ARM.Collect$$libshutdown$$00000007      0x08000166   Section        0  libshutdown2.o(.ARM.Collect$$libshutdown$$00000007)
    .ARM.Collect$$libshutdown$$0000000A      0x08000166   Section        0  libshutdown2.o(.ARM.Collect$$libshutdown$$0000000A)
    .ARM.Collect$$libshutdown$$0000000C      0x08000166   Section        0  libshutdown2.o(.ARM.Collect$$libshutdown$$0000000C)
    .ARM.Collect$$libshutdown$$0000000F      0x08000166   Section        0  libshutdown2.o(.ARM.Collect$$libshutdown$$0000000F)
    .ARM.Collect$$libshutdown$$00000010      0x08000166   Section        2  libshutdown2.o(.ARM.Collect$$libshutdown$$00000010)
    .ARM.Collect$$rtentry$$00000000          0x08000168   Section        0  __rtentry.o(.ARM.Collect$$rtentry$$00000000)
    .ARM.Collect$$rtentry$$00000002          0x08000168   Section        0  __rtentry2.o(.ARM.Collect$$rtentry$$00000002)
    .ARM.Collect$$rtentry$$00000004          0x08000168   Section        6  __rtentry4.o(.ARM.Collect$$rtentry$$00000004)
    .ARM.Collect$$rtentry$$00000009          0x0800016e   Section        0  __rtentry2.o(.ARM.Collect$$rtentry$$00000009)
    .ARM.Collect$$rtentry$$0000000A          0x0800016e   Section        4  __rtentry2.o(.ARM.Collect$$rtentry$$0000000A)
    .ARM.Collect$$rtentry$$0000000C          0x08000172   Section        0  __rtentry2.o(.ARM.Collect$$rtentry$$0000000C)
    .ARM.Collect$$rtentry$$0000000D          0x08000172   Section        8  __rtentry2.o(.ARM.Collect$$rtentry$$0000000D)
    .ARM.Collect$$rtexit$$00000000           0x0800017a   Section        2  rtexit.o(.ARM.Collect$$rtexit$$00000000)
    .ARM.Collect$$rtexit$$00000002           0x0800017c   Section        0  rtexit2.o(.ARM.Collect$$rtexit$$00000002)
    .ARM.Collect$$rtexit$$00000003           0x0800017c   Section        4  rtexit2.o(.ARM.Collect$$rtexit$$00000003)
    .ARM.Collect$$rtexit$$00000004           0x08000180   Section        6  rtexit2.o(.ARM.Collect$$rtexit$$00000004)
    .text                                    0x08000188   Section       64  startup_stm32f10x_md.o(.text)
    .text                                    0x080001c8   Section        2  use_no_semi_2.o(.text)
    .text                                    0x080001ca   Section       72  llsdiv.o(.text)
    .text                                    0x08000212   Section        0  heapauxi.o(.text)
    .text                                    0x08000218   Section        2  use_no_semi.o(.text)
    .text                                    0x0800021a   Section      238  lludivv7m.o(.text)
    .text                                    0x08000308   Section        0  _rserrno.o(.text)
    .text                                    0x08000320   Section        8  rt_errno_addr_intlibspace.o(.text)
    .text                                    0x08000328   Section        8  libspace.o(.text)
    .text                                    0x08000330   Section       74  sys_stackheap_outer.o(.text)
    .text                                    0x0800037a   Section        0  exit.o(.text)
    i.BusFault_Handler                       0x0800038c   Section        0  stm32f10x_it.o(i.BusFault_Handler)
    i.DS18B20_Check                          0x08000390   Section        0  ds18b20.o(i.DS18B20_Check)
    i.DS18B20_Get_Temp                       0x080003f4   Section        0  ds18b20.o(i.DS18B20_Get_Temp)
    i.DS18B20_Init                           0x08000480   Section        0  ds18b20.o(i.DS18B20_Init)
    i.DS18B20_Read_Bit                       0x080004c0   Section        0  ds18b20.o(i.DS18B20_Read_Bit)
    i.DS18B20_Read_Byte                      0x0800052c   Section        0  ds18b20.o(i.DS18B20_Read_Byte)
    i.DS18B20_Rst                            0x08000550   Section        0  ds18b20.o(i.DS18B20_Rst)
    i.DS18B20_Start                          0x08000594   Section        0  ds18b20.o(i.DS18B20_Start)
    i.DS18B20_Write_Byte                     0x080005ac   Section        0  ds18b20.o(i.DS18B20_Write_Byte)
    i.DebugMon_Handler                       0x08000620   Section        0  stm32f10x_it.o(i.DebugMon_Handler)
    i.GPIO_Init                              0x08000622   Section        0  stm32f10x_gpio.o(i.GPIO_Init)
    i.GPIO_PinRemapConfig                    0x08000738   Section        0  stm32f10x_gpio.o(i.GPIO_PinRemapConfig)
    i.GPIO_ReadOutputData                    0x080007c8   Section        0  stm32f10x_gpio.o(i.GPIO_ReadOutputData)
    i.GPIO_ResetBits                         0x080007d0   Section        0  stm32f10x_gpio.o(i.GPIO_ResetBits)
    i.GPIO_SetBits                           0x080007d4   Section        0  stm32f10x_gpio.o(i.GPIO_SetBits)
    i.GPIO_Write                             0x080007d8   Section        0  stm32f10x_gpio.o(i.GPIO_Write)
    i.Get_Temp                               0x080007dc   Section        0  main.o(i.Get_Temp)
    i.HardFault_Handler                      0x0800085c   Section        0  stm32f10x_it.o(i.HardFault_Handler)
    i.KEY_Init                               0x08000860   Section        0  key.o(i.KEY_Init)
    i.LCD1602Init                            0x08000884   Section        0  lcd1602.o(i.LCD1602Init)
    i.LCD1602Write_com                       0x0800093c   Section        0  lcd1602.o(i.LCD1602Write_com)
    i.LCD1602Write_data                      0x080009b4   Section        0  lcd1602.o(i.LCD1602Write_data)
    i.LCD_Write_Number                       0x08000a2c   Section        0  lcd1602.o(i.LCD_Write_Number)
    i.LCD_Write_String                       0x08000b74   Section        0  lcd1602.o(i.LCD_Write_String)
    i.LED_Init                               0x08000ba4   Section        0  led.o(i.LED_Init)
    i.MemManage_Handler                      0x08000bdc   Section        0  stm32f10x_it.o(i.MemManage_Handler)
    i.NMI_Handler                            0x08000be0   Section        0  stm32f10x_it.o(i.NMI_Handler)
    i.NVIC_Init                              0x08000be4   Section        0  misc.o(i.NVIC_Init)
    i.NVIC_PriorityGroupConfig               0x08000c54   Section        0  misc.o(i.NVIC_PriorityGroupConfig)
    i.PID_CALCULATE                          0x08000c68   Section        0  main.o(i.PID_CALCULATE)
    i.PID_struct_init                        0x08000cf4   Section        0  pid.o(i.PID_struct_init)
    i.PendSV_Handler                         0x08000d30   Section        0  stm32f10x_it.o(i.PendSV_Handler)
    i.RCC_APB1PeriphClockCmd                 0x08000d34   Section        0  stm32f10x_rcc.o(i.RCC_APB1PeriphClockCmd)
    i.RCC_APB2PeriphClockCmd                 0x08000d54   Section        0  stm32f10x_rcc.o(i.RCC_APB2PeriphClockCmd)
    i.RCC_GetClocksFreq                      0x08000d74   Section        0  stm32f10x_rcc.o(i.RCC_GetClocksFreq)
    i.SVC_Handler                            0x08000e48   Section        0  stm32f10x_it.o(i.SVC_Handler)
    i.SetSysClock                            0x08000e4a   Section        0  system_stm32f10x.o(i.SetSysClock)
    SetSysClock                              0x08000e4b   Thumb Code     8  system_stm32f10x.o(i.SetSysClock)
    i.SetSysClockTo72                        0x08000e54   Section        0  system_stm32f10x.o(i.SetSysClockTo72)
    SetSysClockTo72                          0x08000e55   Thumb Code   214  system_stm32f10x.o(i.SetSysClockTo72)
    i.SysTick_CLKSourceConfig                0x08000f34   Section        0  misc.o(i.SysTick_CLKSourceConfig)
    i.SysTick_Handler                        0x08000f5c   Section        0  stm32f10x_it.o(i.SysTick_Handler)
    i.SystemInit                             0x08000f60   Section        0  system_stm32f10x.o(i.SystemInit)
    i.TIM2_IRQHandler                        0x08000fc0   Section        0  timer.o(i.TIM2_IRQHandler)
    i.TIM2_PWM_Init                          0x08000fd8   Section        0  timer.o(i.TIM2_PWM_Init)
    i.TIM3_IRQHandler                        0x08001080   Section        0  timer.o(i.TIM3_IRQHandler)
    i.TIM3_Int_Init                          0x080010fc   Section        0  timer.o(i.TIM3_Int_Init)
    i.TIM_ARRPreloadConfig                   0x0800115c   Section        0  stm32f10x_tim.o(i.TIM_ARRPreloadConfig)
    i.TIM_ClearITPendingBit                  0x08001174   Section        0  stm32f10x_tim.o(i.TIM_ClearITPendingBit)
    i.TIM_Cmd                                0x0800117a   Section        0  stm32f10x_tim.o(i.TIM_Cmd)
    i.TIM_GetITStatus                        0x08001192   Section        0  stm32f10x_tim.o(i.TIM_GetITStatus)
    i.TIM_ITConfig                           0x080011b4   Section        0  stm32f10x_tim.o(i.TIM_ITConfig)
    i.TIM_OC2Init                            0x080011c8   Section        0  stm32f10x_tim.o(i.TIM_OC2Init)
    i.TIM_OC2PreloadConfig                   0x0800126c   Section        0  stm32f10x_tim.o(i.TIM_OC2PreloadConfig)
    i.TIM_SetCompare2                        0x08001286   Section        0  stm32f10x_tim.o(i.TIM_SetCompare2)
    i.TIM_TimeBaseInit                       0x0800128c   Section        0  stm32f10x_tim.o(i.TIM_TimeBaseInit)
    i.USART1_IRQHandler                      0x08001330   Section        0  usart.o(i.USART1_IRQHandler)
    i.USART_Cmd                              0x080013b8   Section        0  stm32f10x_usart.o(i.USART_Cmd)
    i.USART_GetITStatus                      0x080013d0   Section        0  stm32f10x_usart.o(i.USART_GetITStatus)
    i.USART_ITConfig                         0x08001424   Section        0  stm32f10x_usart.o(i.USART_ITConfig)
    i.USART_Init                             0x08001470   Section        0  stm32f10x_usart.o(i.USART_Init)
    i.USART_ReceiveData                      0x08001548   Section        0  stm32f10x_usart.o(i.USART_ReceiveData)
    i.UsageFault_Handler                     0x08001552   Section        0  stm32f10x_it.o(i.UsageFault_Handler)
    i.__ARM_fpclassify                       0x08001556   Section        0  fpclassify.o(i.__ARM_fpclassify)
    i.__kernel_poly                          0x0800157e   Section        0  poly.o(i.__kernel_poly)
    i.__mathlib_dbl_divzero                  0x08001628   Section        0  dunder.o(i.__mathlib_dbl_divzero)
    i.__mathlib_dbl_infnan2                  0x08001638   Section        0  dunder.o(i.__mathlib_dbl_infnan2)
    i.__mathlib_dbl_invalid                  0x0800163c   Section        0  dunder.o(i.__mathlib_dbl_invalid)
    i.__mathlib_dbl_overflow                 0x08001648   Section        0  dunder.o(i.__mathlib_dbl_overflow)
    i.__mathlib_dbl_underflow                0x08001658   Section        0  dunder.o(i.__mathlib_dbl_underflow)
    i._sys_exit                              0x08001668   Section        0  usart.o(i._sys_exit)
    i.abs_limit                              0x0800166e   Section        0  pid.o(i.abs_limit)
    i.delay_init                             0x080016bc   Section        0  delay.o(i.delay_init)
    i.delay_ms                               0x08001700   Section        0  delay.o(i.delay_ms)
    i.delay_us                               0x0800174c   Section        0  delay.o(i.delay_us)
    i.get_key                                0x08001798   Section        0  main.o(i.get_key)
    i.init                                   0x08001840   Section        0  main.o(i.init)
    i.main                                   0x080018c8   Section        0  main.o(i.main)
    i.pid_calc                               0x08001960   Section        0  pid.o(i.pid_calc)
    i.pid_param_init                         0x08001bd0   Section        0  pid.o(i.pid_param_init)
    pid_param_init                           0x08001bd1   Thumb Code    20  pid.o(i.pid_param_init)
    i.pid_reset                              0x08001be4   Section        0  pid.o(i.pid_reset)
    pid_reset                                0x08001be5   Thumb Code     8  pid.o(i.pid_reset)
    i.pow                                    0x08001bec   Section        0  pow.o(i.pow)
    i.scan                                   0x080025c4   Section        0  key.o(i.scan)
    i.sqrt                                   0x08002648   Section        0  sqrt.o(i.sqrt)
    i.uart_init                              0x08002694   Section        0  usart.o(i.uart_init)
    x$fpl$d2f                                0x08002734   Section       98  d2f.o(x$fpl$d2f)
    x$fpl$dadd                               0x08002798   Section      336  daddsub_clz.o(x$fpl$dadd)
    _dadd1                                   0x080027a9   Thumb Code     0  daddsub_clz.o(x$fpl$dadd)
    x$fpl$dcheck1                            0x080028e8   Section       16  dcheck1.o(x$fpl$dcheck1)
    x$fpl$dcmpinf                            0x080028f8   Section       24  dcmpi.o(x$fpl$dcmpinf)
    x$fpl$ddiv                               0x08002910   Section      688  ddiv.o(x$fpl$ddiv)
    ddiv_entry                               0x08002917   Thumb Code     0  ddiv.o(x$fpl$ddiv)
    x$fpl$dfix                               0x08002bc0   Section       94  dfix.o(x$fpl$dfix)
    x$fpl$dflt                               0x08002c1e   Section       46  dflt_clz.o(x$fpl$dflt)
    x$fpl$dfltu                              0x08002c4c   Section       38  dflt_clz.o(x$fpl$dfltu)
    x$fpl$dleqf                              0x08002c74   Section      120  dleqf.o(x$fpl$dleqf)
    x$fpl$dmul                               0x08002cec   Section      340  dmul.o(x$fpl$dmul)
    x$fpl$dnaninf                            0x08002e40   Section      156  dnaninf.o(x$fpl$dnaninf)
    x$fpl$dretinf                            0x08002edc   Section       12  dretinf.o(x$fpl$dretinf)
    x$fpl$drleqf                             0x08002ee8   Section      108  drleqf.o(x$fpl$drleqf)
    x$fpl$drsb                               0x08002f54   Section       22  daddsub_clz.o(x$fpl$drsb)
    x$fpl$dsqrt                              0x08002f6c   Section      460  dsqrt_noumaal.o(x$fpl$dsqrt)
    x$fpl$dsub                               0x08003138   Section      468  daddsub_clz.o(x$fpl$dsub)
    _dsub1                                   0x08003149   Thumb Code     0  daddsub_clz.o(x$fpl$dsub)
    x$fpl$f2d                                0x0800330c   Section       86  f2d.o(x$fpl$f2d)
    x$fpl$fadd                               0x08003364   Section      196  faddsub_clz.o(x$fpl$fadd)
    _fadd1                                   0x08003373   Thumb Code     0  faddsub_clz.o(x$fpl$fadd)
    x$fpl$fcmpinf                            0x08003428   Section       24  fcmpi.o(x$fpl$fcmpinf)
    x$fpl$feqf                               0x08003440   Section      104  feqf.o(x$fpl$feqf)
    x$fpl$ffixu                              0x080034a8   Section       62  ffixu.o(x$fpl$ffixu)
    x$fpl$fflt                               0x080034e8   Section       48  fflt_clz.o(x$fpl$fflt)
    x$fpl$ffltu                              0x08003518   Section       38  fflt_clz.o(x$fpl$ffltu)
    x$fpl$fleqf                              0x08003540   Section      104  fleqf.o(x$fpl$fleqf)
    x$fpl$fmul                               0x080035a8   Section      258  fmul.o(x$fpl$fmul)
    x$fpl$fnaninf                            0x080036aa   Section      140  fnaninf.o(x$fpl$fnaninf)
    x$fpl$fretinf                            0x08003736   Section       10  fretinf.o(x$fpl$fretinf)
    x$fpl$frleqf                             0x08003740   Section       98  frleqf.o(x$fpl$frleqf)
    x$fpl$frsb                               0x080037a2   Section       20  faddsub_clz.o(x$fpl$frsb)
    x$fpl$fsub                               0x080037b8   Section      234  faddsub_clz.o(x$fpl$fsub)
    _fsub1                                   0x080037c7   Thumb Code     0  faddsub_clz.o(x$fpl$fsub)
    x$fpl$llsfromd                           0x080038a4   Section      194  dfixll.o(x$fpl$llsfromd)
    x$fpl$retnan                             0x08003966   Section      100  retnan.o(x$fpl$retnan)
    x$fpl$scalbn                             0x080039ca   Section       92  scalbn.o(x$fpl$scalbn)
    x$fpl$trapveneer                         0x08003a26   Section       48  trapv.o(x$fpl$trapveneer)
    .constdata                               0x08003a56   Section       10  lcd1602.o(.constdata)
    x$fpl$usenofp                            0x08003a56   Section        0  usenofp.o(x$fpl$usenofp)
    .constdata                               0x08003a60   Section      136  pow.o(.constdata)
    bp                                       0x08003a60   Data          16  pow.o(.constdata)
    dp_h                                     0x08003a70   Data          16  pow.o(.constdata)
    dp_l                                     0x08003a80   Data          16  pow.o(.constdata)
    L                                        0x08003a90   Data          48  pow.o(.constdata)
    P                                        0x08003ac0   Data          40  pow.o(.constdata)
    .constdata                               0x08003ae8   Section        8  qnan.o(.constdata)
    .data                                    0x20000000   Section       49  main.o(.data)
    temp_fdb                                 0x20000008   Data           8  main.o(.data)
    temp_ref                                 0x20000010   Data           2  main.o(.data)
    .data                                    0x20000034   Section       20  system_stm32f10x.o(.data)
    .data                                    0x20000048   Section        1  key.o(.data)
    key_up                                   0x20000048   Data           1  key.o(.data)
    .data                                    0x2000004c   Section        4  timer.o(.data)
    .data                                    0x20000050   Section       20  stm32f10x_rcc.o(.data)
    APBAHBPrescTable                         0x20000050   Data          16  stm32f10x_rcc.o(.data)
    ADCPrescTable                            0x20000060   Data           4  stm32f10x_rcc.o(.data)
    .data                                    0x20000064   Section        4  delay.o(.data)
    fac_us                                   0x20000064   Data           1  delay.o(.data)
    fac_ms                                   0x20000066   Data           2  delay.o(.data)
    .data                                    0x20000068   Section        6  usart.o(.data)
    .bss                                     0x20000070   Section      116  main.o(.bss)
    .bss                                     0x200000e4   Section      200  usart.o(.bss)
    .bss                                     0x200001ac   Section       96  libspace.o(.bss)
    HEAP                                     0x20000210   Section      512  startup_stm32f10x_md.o(HEAP)
    Heap_Mem                                 0x20000210   Data         512  startup_stm32f10x_md.o(HEAP)
    STACK                                    0x20000410   Section     1024  startup_stm32f10x_md.o(STACK)
    Stack_Mem                                0x20000410   Data        1024  startup_stm32f10x_md.o(STACK)
    __initial_sp                             0x20000810   Data           0  startup_stm32f10x_md.o(STACK)

    Global Symbols

    Symbol Name                              Value     Ov Type        Size  Object(Section)

    BuildAttributes$$THM_ISAv4$P$D$K$B$S$PE$A:L22UL41UL21$X:L11$S22US41US21$IEEE1$IW$USESV6$~STKCKD$USESV7$~SHL$OTIME$ROPI$IEEEX$EBA8$UX$STANDARDLIB$REQ8$PRES8$EABIv2 0x00000000   Number         0  anon$$obj.o ABSOLUTE
    __ARM_use_no_argv                        0x00000000   Number         0  main.o ABSOLUTE
    __ARM_exceptions_init                     - Undefined Weak Reference
    __alloca_initialize                       - Undefined Weak Reference
    __arm_preinit_                            - Undefined Weak Reference
    __cpp_initialize__aeabi_                  - Undefined Weak Reference
    __cxa_finalize                            - Undefined Weak Reference
    __rt_locale                               - Undefined Weak Reference
    __sigvec_lookup                           - Undefined Weak Reference
    _atexit_init                              - Undefined Weak Reference
    _call_atexit_fns                          - Undefined Weak Reference
    _clock_init                               - Undefined Weak Reference
    _fp_trap_init                             - Undefined Weak Reference
    _fp_trap_shutdown                         - Undefined Weak Reference
    _get_lc_collate                           - Undefined Weak Reference
    _get_lc_ctype                             - Undefined Weak Reference
    _get_lc_monetary                          - Undefined Weak Reference
    _get_lc_numeric                           - Undefined Weak Reference
    _get_lc_time                              - Undefined Weak Reference
    _getenv_init                              - Undefined Weak Reference
    _handle_redirection                       - Undefined Weak Reference
    _init_alloc                               - Undefined Weak Reference
    _init_user_alloc                          - Undefined Weak Reference
    _initio                                   - Undefined Weak Reference
    _rand_init                                - Undefined Weak Reference
    _signal_finish                            - Undefined Weak Reference
    _signal_init                              - Undefined Weak Reference
    _terminate_alloc                          - Undefined Weak Reference
    _terminate_user_alloc                     - Undefined Weak Reference
    _terminateio                              - Undefined Weak Reference
    __Vectors_Size                           0x000000ec   Number         0  startup_stm32f10x_md.o ABSOLUTE
    __Vectors                                0x08000000   Data           4  startup_stm32f10x_md.o(RESET)
    __Vectors_End                            0x080000ec   Data           0  startup_stm32f10x_md.o(RESET)
    __main                                   0x080000ed   Thumb Code     8  __main.o(!!!main)
    __scatterload                            0x080000f5   Thumb Code     0  __scatter.o(!!!scatter)
    __scatterload_rt2                        0x080000f5   Thumb Code    44  __scatter.o(!!!scatter)
    __scatterload_rt2_thumb_only             0x080000f5   Thumb Code     0  __scatter.o(!!!scatter)
    __scatterload_null                       0x08000103   Thumb Code     0  __scatter.o(!!!scatter)
    __scatterload_copy                       0x08000129   Thumb Code    26  __scatter_copy.o(!!handler_copy)
    __scatterload_zeroinit                   0x08000145   Thumb Code    28  __scatter_zi.o(!!handler_zi)
    __rt_lib_init                            0x08000161   Thumb Code     0  libinit.o(.ARM.Collect$$libinit$$00000000)
    __rt_lib_init_alloca_1                   0x08000163   Thumb Code     0  libinit2.o(.ARM.Collect$$libinit$$0000002E)
    __rt_lib_init_argv_1                     0x08000163   Thumb Code     0  libinit2.o(.ARM.Collect$$libinit$$0000002C)
    __rt_lib_init_atexit_1                   0x08000163   Thumb Code     0  libinit2.o(.ARM.Collect$$libinit$$0000001B)
    __rt_lib_init_clock_1                    0x08000163   Thumb Code     0  libinit2.o(.ARM.Collect$$libinit$$00000021)
    __rt_lib_init_cpp_1                      0x08000163   Thumb Code     0  libinit2.o(.ARM.Collect$$libinit$$00000032)
    __rt_lib_init_exceptions_1               0x08000163   Thumb Code     0  libinit2.o(.ARM.Collect$$libinit$$00000030)
    __rt_lib_init_fp_1                       0x08000163   Thumb Code     0  libinit2.o(.ARM.Collect$$libinit$$00000002)
    __rt_lib_init_fp_trap_1                  0x08000163   Thumb Code     0  libinit2.o(.ARM.Collect$$libinit$$0000001F)
    __rt_lib_init_getenv_1                   0x08000163   Thumb Code     0  libinit2.o(.ARM.Collect$$libinit$$00000023)
    __rt_lib_init_heap_1                     0x08000163   Thumb Code     0  libinit2.o(.ARM.Collect$$libinit$$0000000A)
    __rt_lib_init_lc_collate_1               0x08000163   Thumb Code     0  libinit2.o(.ARM.Collect$$libinit$$00000011)
    __rt_lib_init_lc_ctype_1                 0x08000163   Thumb Code     0  libinit2.o(.ARM.Collect$$libinit$$00000013)
    __rt_lib_init_lc_monetary_1              0x08000163   Thumb Code     0  libinit2.o(.ARM.Collect$$libinit$$00000015)
    __rt_lib_init_lc_numeric_1               0x08000163   Thumb Code     0  libinit2.o(.ARM.Collect$$libinit$$00000017)
    __rt_lib_init_lc_time_1                  0x08000163   Thumb Code     0  libinit2.o(.ARM.Collect$$libinit$$00000019)
    __rt_lib_init_preinit_1                  0x08000163   Thumb Code     0  libinit2.o(.ARM.Collect$$libinit$$00000004)
    __rt_lib_init_rand_1                     0x08000163   Thumb Code     0  libinit2.o(.ARM.Collect$$libinit$$0000000E)
    __rt_lib_init_return                     0x08000163   Thumb Code     0  libinit2.o(.ARM.Collect$$libinit$$00000033)
    __rt_lib_init_signal_1                   0x08000163   Thumb Code     0  libinit2.o(.ARM.Collect$$libinit$$0000001D)
    __rt_lib_init_stdio_1                    0x08000163   Thumb Code     0  libinit2.o(.ARM.Collect$$libinit$$00000025)
    __rt_lib_init_user_alloc_1               0x08000163   Thumb Code     0  libinit2.o(.ARM.Collect$$libinit$$0000000C)
    __rt_lib_shutdown                        0x08000165   Thumb Code     0  libshutdown.o(.ARM.Collect$$libshutdown$$00000000)
    __rt_lib_shutdown_cpp_1                  0x08000167   Thumb Code     0  libshutdown2.o(.ARM.Collect$$libshutdown$$00000002)
    __rt_lib_shutdown_fp_trap_1              0x08000167   Thumb Code     0  libshutdown2.o(.ARM.Collect$$libshutdown$$00000007)
    __rt_lib_shutdown_heap_1                 0x08000167   Thumb Code     0  libshutdown2.o(.ARM.Collect$$libshutdown$$0000000F)
    __rt_lib_shutdown_return                 0x08000167   Thumb Code     0  libshutdown2.o(.ARM.Collect$$libshutdown$$00000010)
    __rt_lib_shutdown_signal_1               0x08000167   Thumb Code     0  libshutdown2.o(.ARM.Collect$$libshutdown$$0000000A)
    __rt_lib_shutdown_stdio_1                0x08000167   Thumb Code     0  libshutdown2.o(.ARM.Collect$$libshutdown$$00000004)
    __rt_lib_shutdown_user_alloc_1           0x08000167   Thumb Code     0  libshutdown2.o(.ARM.Collect$$libshutdown$$0000000C)
    __rt_entry                               0x08000169   Thumb Code     0  __rtentry.o(.ARM.Collect$$rtentry$$00000000)
    __rt_entry_presh_1                       0x08000169   Thumb Code     0  __rtentry2.o(.ARM.Collect$$rtentry$$00000002)
    __rt_entry_sh                            0x08000169   Thumb Code     0  __rtentry4.o(.ARM.Collect$$rtentry$$00000004)
    __rt_entry_li                            0x0800016f   Thumb Code     0  __rtentry2.o(.ARM.Collect$$rtentry$$0000000A)
    __rt_entry_postsh_1                      0x0800016f   Thumb Code     0  __rtentry2.o(.ARM.Collect$$rtentry$$00000009)
    __rt_entry_main                          0x08000173   Thumb Code     0  __rtentry2.o(.ARM.Collect$$rtentry$$0000000D)
    __rt_entry_postli_1                      0x08000173   Thumb Code     0  __rtentry2.o(.ARM.Collect$$rtentry$$0000000C)
    __rt_exit                                0x0800017b   Thumb Code     0  rtexit.o(.ARM.Collect$$rtexit$$00000000)
    __rt_exit_ls                             0x0800017d   Thumb Code     0  rtexit2.o(.ARM.Collect$$rtexit$$00000003)
    __rt_exit_prels_1                        0x0800017d   Thumb Code     0  rtexit2.o(.ARM.Collect$$rtexit$$00000002)
    __rt_exit_exit                           0x08000181   Thumb Code     0  rtexit2.o(.ARM.Collect$$rtexit$$00000004)
    Reset_Handler                            0x08000189   Thumb Code     8  startup_stm32f10x_md.o(.text)
    ADC1_2_IRQHandler                        0x080001a3   Thumb Code     0  startup_stm32f10x_md.o(.text)
    CAN1_RX1_IRQHandler                      0x080001a3   Thumb Code     0  startup_stm32f10x_md.o(.text)
    CAN1_SCE_IRQHandler                      0x080001a3   Thumb Code     0  startup_stm32f10x_md.o(.text)
    DMA1_Channel1_IRQHandler                 0x080001a3   Thumb Code     0  startup_stm32f10x_md.o(.text)
    DMA1_Channel2_IRQHandler                 0x080001a3   Thumb Code     0  startup_stm32f10x_md.o(.text)
    DMA1_Channel3_IRQHandler                 0x080001a3   Thumb Code     0  startup_stm32f10x_md.o(.text)
    DMA1_Channel4_IRQHandler                 0x080001a3   Thumb Code     0  startup_stm32f10x_md.o(.text)
    DMA1_Channel5_IRQHandler                 0x080001a3   Thumb Code     0  startup_stm32f10x_md.o(.text)
    DMA1_Channel6_IRQHandler                 0x080001a3   Thumb Code     0  startup_stm32f10x_md.o(.text)
    DMA1_Channel7_IRQHandler                 0x080001a3   Thumb Code     0  startup_stm32f10x_md.o(.text)
    EXTI0_IRQHandler                         0x080001a3   Thumb Code     0  startup_stm32f10x_md.o(.text)
    EXTI15_10_IRQHandler                     0x080001a3   Thumb Code     0  startup_stm32f10x_md.o(.text)
    EXTI1_IRQHandler                         0x080001a3   Thumb Code     0  startup_stm32f10x_md.o(.text)
    EXTI2_IRQHandler                         0x080001a3   Thumb Code     0  startup_stm32f10x_md.o(.text)
    EXTI3_IRQHandler                         0x080001a3   Thumb Code     0  startup_stm32f10x_md.o(.text)
    EXTI4_IRQHandler                         0x080001a3   Thumb Code     0  startup_stm32f10x_md.o(.text)
    EXTI9_5_IRQHandler                       0x080001a3   Thumb Code     0  startup_stm32f10x_md.o(.text)
    FLASH_IRQHandler                         0x080001a3   Thumb Code     0  startup_stm32f10x_md.o(.text)
    I2C1_ER_IRQHandler                       0x080001a3   Thumb Code     0  startup_stm32f10x_md.o(.text)
    I2C1_EV_IRQHandler                       0x080001a3   Thumb Code     0  startup_stm32f10x_md.o(.text)
    I2C2_ER_IRQHandler                       0x080001a3   Thumb Code     0  startup_stm32f10x_md.o(.text)
    I2C2_EV_IRQHandler                       0x080001a3   Thumb Code     0  startup_stm32f10x_md.o(.text)
    PVD_IRQHandler                           0x080001a3   Thumb Code     0  startup_stm32f10x_md.o(.text)
    RCC_IRQHandler                           0x080001a3   Thumb Code     0  startup_stm32f10x_md.o(.text)
    RTCAlarm_IRQHandler                      0x080001a3   Thumb Code     0  startup_stm32f10x_md.o(.text)
    RTC_IRQHandler                           0x080001a3   Thumb Code     0  startup_stm32f10x_md.o(.text)
    SPI1_IRQHandler                          0x080001a3   Thumb Code     0  startup_stm32f10x_md.o(.text)
    SPI2_IRQHandler                          0x080001a3   Thumb Code     0  startup_stm32f10x_md.o(.text)
    TAMPER_IRQHandler                        0x080001a3   Thumb Code     0  startup_stm32f10x_md.o(.text)
    TIM1_BRK_IRQHandler                      0x080001a3   Thumb Code     0  startup_stm32f10x_md.o(.text)
    TIM1_CC_IRQHandler                       0x080001a3   Thumb Code     0  startup_stm32f10x_md.o(.text)
    TIM1_TRG_COM_IRQHandler                  0x080001a3   Thumb Code     0  startup_stm32f10x_md.o(.text)
    TIM1_UP_IRQHandler                       0x080001a3   Thumb Code     0  startup_stm32f10x_md.o(.text)
    TIM4_IRQHandler                          0x080001a3   Thumb Code     0  startup_stm32f10x_md.o(.text)
    USART2_IRQHandler                        0x080001a3   Thumb Code     0  startup_stm32f10x_md.o(.text)
    USART3_IRQHandler                        0x080001a3   Thumb Code     0  startup_stm32f10x_md.o(.text)
    USBWakeUp_IRQHandler                     0x080001a3   Thumb Code     0  startup_stm32f10x_md.o(.text)
    USB_HP_CAN1_TX_IRQHandler                0x080001a3   Thumb Code     0  startup_stm32f10x_md.o(.text)
    USB_LP_CAN1_RX0_IRQHandler               0x080001a3   Thumb Code     0  startup_stm32f10x_md.o(.text)
    WWDG_IRQHandler                          0x080001a3   Thumb Code     0  startup_stm32f10x_md.o(.text)
    __user_initial_stackheap                 0x080001a5   Thumb Code     0  startup_stm32f10x_md.o(.text)
    __use_no_semihosting                     0x080001c9   Thumb Code     2  use_no_semi_2.o(.text)
    __aeabi_ldivmod                          0x080001cb   Thumb Code     0  llsdiv.o(.text)
    _ll_sdiv                                 0x080001cb   Thumb Code    72  llsdiv.o(.text)
    __use_two_region_memory                  0x08000213   Thumb Code     2  heapauxi.o(.text)
    __rt_heap_escrow$2region                 0x08000215   Thumb Code     2  heapauxi.o(.text)
    __rt_heap_expand$2region                 0x08000217   Thumb Code     2  heapauxi.o(.text)
    __I$use$semihosting                      0x08000219   Thumb Code     0  use_no_semi.o(.text)
    __use_no_semihosting_swi                 0x08000219   Thumb Code     2  use_no_semi.o(.text)
    __aeabi_uldivmod                         0x0800021b   Thumb Code     0  lludivv7m.o(.text)
    _ll_udiv                                 0x0800021b   Thumb Code   238  lludivv7m.o(.text)
    __read_errno                             0x08000309   Thumb Code    10  _rserrno.o(.text)
    __set_errno                              0x08000313   Thumb Code    12  _rserrno.o(.text)
    __aeabi_errno_addr                       0x08000321   Thumb Code     8  rt_errno_addr_intlibspace.o(.text)
    __errno$intlibspace                      0x08000321   Thumb Code     0  rt_errno_addr_intlibspace.o(.text)
    __rt_errno_addr$intlibspace              0x08000321   Thumb Code     0  rt_errno_addr_intlibspace.o(.text)
    __user_libspace                          0x08000329   Thumb Code     8  libspace.o(.text)
    __user_perproc_libspace                  0x08000329   Thumb Code     0  libspace.o(.text)
    __user_perthread_libspace                0x08000329   Thumb Code     0  libspace.o(.text)
    __user_setup_stackheap                   0x08000331   Thumb Code    74  sys_stackheap_outer.o(.text)
    exit                                     0x0800037b   Thumb Code    18  exit.o(.text)
    BusFault_Handler                         0x0800038d   Thumb Code     4  stm32f10x_it.o(i.BusFault_Handler)
    DS18B20_Check                            0x08000391   Thumb Code    92  ds18b20.o(i.DS18B20_Check)
    DS18B20_Get_Temp                         0x080003f5   Thumb Code   136  ds18b20.o(i.DS18B20_Get_Temp)
    DS18B20_Init                             0x08000481   Thumb Code    56  ds18b20.o(i.DS18B20_Init)
    DS18B20_Read_Bit                         0x080004c1   Thumb Code    96  ds18b20.o(i.DS18B20_Read_Bit)
    DS18B20_Read_Byte                        0x0800052d   Thumb Code    34  ds18b20.o(i.DS18B20_Read_Byte)
    DS18B20_Rst                              0x08000551   Thumb Code    54  ds18b20.o(i.DS18B20_Rst)
    DS18B20_Start                            0x08000595   Thumb Code    24  ds18b20.o(i.DS18B20_Start)
    DS18B20_Write_Byte                       0x080005ad   Thumb Code   102  ds18b20.o(i.DS18B20_Write_Byte)
    DebugMon_Handler                         0x08000621   Thumb Code     2  stm32f10x_it.o(i.DebugMon_Handler)
    GPIO_Init                                0x08000623   Thumb Code   278  stm32f10x_gpio.o(i.GPIO_Init)
    GPIO_PinRemapConfig                      0x08000739   Thumb Code   138  stm32f10x_gpio.o(i.GPIO_PinRemapConfig)
    GPIO_ReadOutputData                      0x080007c9   Thumb Code     8  stm32f10x_gpio.o(i.GPIO_ReadOutputData)
    GPIO_ResetBits                           0x080007d1   Thumb Code     4  stm32f10x_gpio.o(i.GPIO_ResetBits)
    GPIO_SetBits                             0x080007d5   Thumb Code     4  stm32f10x_gpio.o(i.GPIO_SetBits)
    GPIO_Write                               0x080007d9   Thumb Code     4  stm32f10x_gpio.o(i.GPIO_Write)
    Get_Temp                                 0x080007dd   Thumb Code   104  main.o(i.Get_Temp)
    HardFault_Handler                        0x0800085d   Thumb Code     4  stm32f10x_it.o(i.HardFault_Handler)
    KEY_Init                                 0x08000861   Thumb Code    32  key.o(i.KEY_Init)
    LCD1602Init                              0x08000885   Thumb Code   170  lcd1602.o(i.LCD1602Init)
    LCD1602Write_com                         0x0800093d   Thumb Code   106  lcd1602.o(i.LCD1602Write_com)
    LCD1602Write_data                        0x080009b5   Thumb Code   106  lcd1602.o(i.LCD1602Write_data)
    LCD_Write_Number                         0x08000a2d   Thumb Code   320  lcd1602.o(i.LCD_Write_Number)
    LCD_Write_String                         0x08000b75   Thumb Code    46  lcd1602.o(i.LCD_Write_String)
    LED_Init                                 0x08000ba5   Thumb Code    50  led.o(i.LED_Init)
    MemManage_Handler                        0x08000bdd   Thumb Code     4  stm32f10x_it.o(i.MemManage_Handler)
    NMI_Handler                              0x08000be1   Thumb Code     2  stm32f10x_it.o(i.NMI_Handler)
    NVIC_Init                                0x08000be5   Thumb Code   100  misc.o(i.NVIC_Init)
    NVIC_PriorityGroupConfig                 0x08000c55   Thumb Code    10  misc.o(i.NVIC_PriorityGroupConfig)
    PID_CALCULATE                            0x08000c69   Thumb Code   112  main.o(i.PID_CALCULATE)
    PID_struct_init                          0x08000cf5   Thumb Code    50  pid.o(i.PID_struct_init)
    PendSV_Handler                           0x08000d31   Thumb Code     2  stm32f10x_it.o(i.PendSV_Handler)
    RCC_APB1PeriphClockCmd                   0x08000d35   Thumb Code    26  stm32f10x_rcc.o(i.RCC_APB1PeriphClockCmd)
    RCC_APB2PeriphClockCmd                   0x08000d55   Thumb Code    26  stm32f10x_rcc.o(i.RCC_APB2PeriphClockCmd)
    RCC_GetClocksFreq                        0x08000d75   Thumb Code   192  stm32f10x_rcc.o(i.RCC_GetClocksFreq)
    SVC_Handler                              0x08000e49   Thumb Code     2  stm32f10x_it.o(i.SVC_Handler)
    SysTick_CLKSourceConfig                  0x08000f35   Thumb Code    40  misc.o(i.SysTick_CLKSourceConfig)
    SysTick_Handler                          0x08000f5d   Thumb Code     2  stm32f10x_it.o(i.SysTick_Handler)
    SystemInit                               0x08000f61   Thumb Code    78  system_stm32f10x.o(i.SystemInit)
    TIM2_IRQHandler                          0x08000fc1   Thumb Code    22  timer.o(i.TIM2_IRQHandler)
    TIM2_PWM_Init                            0x08000fd9   Thumb Code   154  timer.o(i.TIM2_PWM_Init)
    TIM3_IRQHandler                          0x08001081   Thumb Code   102  timer.o(i.TIM3_IRQHandler)
    TIM3_Int_Init                            0x080010fd   Thumb Code    90  timer.o(i.TIM3_Int_Init)
    TIM_ARRPreloadConfig                     0x0800115d   Thumb Code    24  stm32f10x_tim.o(i.TIM_ARRPreloadConfig)
    TIM_ClearITPendingBit                    0x08001175   Thumb Code     6  stm32f10x_tim.o(i.TIM_ClearITPendingBit)
    TIM_Cmd                                  0x0800117b   Thumb Code    24  stm32f10x_tim.o(i.TIM_Cmd)
    TIM_GetITStatus                          0x08001193   Thumb Code    34  stm32f10x_tim.o(i.TIM_GetITStatus)
    TIM_ITConfig                             0x080011b5   Thumb Code    18  stm32f10x_tim.o(i.TIM_ITConfig)
    TIM_OC2Init                              0x080011c9   Thumb Code   154  stm32f10x_tim.o(i.TIM_OC2Init)
    TIM_OC2PreloadConfig                     0x0800126d   Thumb Code    26  stm32f10x_tim.o(i.TIM_OC2PreloadConfig)
    TIM_SetCompare2                          0x08001287   Thumb Code     4  stm32f10x_tim.o(i.TIM_SetCompare2)
    TIM_TimeBaseInit                         0x0800128d   Thumb Code   122  stm32f10x_tim.o(i.TIM_TimeBaseInit)
    USART1_IRQHandler                        0x08001331   Thumb Code   122  usart.o(i.USART1_IRQHandler)
    USART_Cmd                                0x080013b9   Thumb Code    24  stm32f10x_usart.o(i.USART_Cmd)
    USART_GetITStatus                        0x080013d1   Thumb Code    84  stm32f10x_usart.o(i.USART_GetITStatus)
    USART_ITConfig                           0x08001425   Thumb Code    74  stm32f10x_usart.o(i.USART_ITConfig)
    USART_Init                               0x08001471   Thumb Code   210  stm32f10x_usart.o(i.USART_Init)
    USART_ReceiveData                        0x08001549   Thumb Code    10  stm32f10x_usart.o(i.USART_ReceiveData)
    UsageFault_Handler                       0x08001553   Thumb Code     4  stm32f10x_it.o(i.UsageFault_Handler)
    __ARM_fpclassify                         0x08001557   Thumb Code    40  fpclassify.o(i.__ARM_fpclassify)
    __kernel_poly                            0x0800157f   Thumb Code   170  poly.o(i.__kernel_poly)
    __mathlib_dbl_divzero                    0x08001629   Thumb Code    12  dunder.o(i.__mathlib_dbl_divzero)
    __mathlib_dbl_infnan2                    0x08001639   Thumb Code     4  dunder.o(i.__mathlib_dbl_infnan2)
    __mathlib_dbl_invalid                    0x0800163d   Thumb Code    12  dunder.o(i.__mathlib_dbl_invalid)
    __mathlib_dbl_overflow                   0x08001649   Thumb Code    14  dunder.o(i.__mathlib_dbl_overflow)
    __mathlib_dbl_underflow                  0x08001659   Thumb Code    10  dunder.o(i.__mathlib_dbl_underflow)
    _sys_exit                                0x08001669   Thumb Code     6  usart.o(i._sys_exit)
    abs_limit                                0x0800166f   Thumb Code    78  pid.o(i.abs_limit)
    delay_init                               0x080016bd   Thumb Code    50  delay.o(i.delay_init)
    delay_ms                                 0x08001701   Thumb Code    72  delay.o(i.delay_ms)
    delay_us                                 0x0800174d   Thumb Code    72  delay.o(i.delay_us)
    get_key                                  0x08001799   Thumb Code   144  main.o(i.get_key)
    init                                     0x08001841   Thumb Code   112  main.o(i.init)
    main                                     0x080018c9   Thumb Code   116  main.o(i.main)
    pid_calc                                 0x08001961   Thumb Code   606  pid.o(i.pid_calc)
    pow                                      0x08001bed   Thumb Code  2512  pow.o(i.pow)
    scan                                     0x080025c5   Thumb Code   122  key.o(i.scan)
    sqrt                                     0x08002649   Thumb Code    76  sqrt.o(i.sqrt)
    uart_init                                0x08002695   Thumb Code   152  usart.o(i.uart_init)
    __aeabi_d2f                              0x08002735   Thumb Code     0  d2f.o(x$fpl$d2f)
    _d2f                                     0x08002735   Thumb Code    98  d2f.o(x$fpl$d2f)
    __aeabi_dadd                             0x08002799   Thumb Code     0  daddsub_clz.o(x$fpl$dadd)
    _dadd                                    0x08002799   Thumb Code   332  daddsub_clz.o(x$fpl$dadd)
    __fpl_dcheck_NaN1                        0x080028e9   Thumb Code    10  dcheck1.o(x$fpl$dcheck1)
    __fpl_dcmp_Inf                           0x080028f9   Thumb Code    24  dcmpi.o(x$fpl$dcmpinf)
    __aeabi_ddiv                             0x08002911   Thumb Code     0  ddiv.o(x$fpl$ddiv)
    _ddiv                                    0x08002911   Thumb Code   552  ddiv.o(x$fpl$ddiv)
    __aeabi_d2iz                             0x08002bc1   Thumb Code     0  dfix.o(x$fpl$dfix)
    _dfix                                    0x08002bc1   Thumb Code    94  dfix.o(x$fpl$dfix)
    __aeabi_i2d                              0x08002c1f   Thumb Code     0  dflt_clz.o(x$fpl$dflt)
    _dflt                                    0x08002c1f   Thumb Code    46  dflt_clz.o(x$fpl$dflt)
    __aeabi_ui2d                             0x08002c4d   Thumb Code     0  dflt_clz.o(x$fpl$dfltu)
    _dfltu                                   0x08002c4d   Thumb Code    38  dflt_clz.o(x$fpl$dfltu)
    __aeabi_cdcmple                          0x08002c75   Thumb Code     0  dleqf.o(x$fpl$dleqf)
    _dcmple                                  0x08002c75   Thumb Code   120  dleqf.o(x$fpl$dleqf)
    __fpl_dcmple_InfNaN                      0x08002cd7   Thumb Code     0  dleqf.o(x$fpl$dleqf)
    __aeabi_dmul                             0x08002ced   Thumb Code     0  dmul.o(x$fpl$dmul)
    _dmul                                    0x08002ced   Thumb Code   332  dmul.o(x$fpl$dmul)
    __fpl_dnaninf                            0x08002e41   Thumb Code   156  dnaninf.o(x$fpl$dnaninf)
    __fpl_dretinf                            0x08002edd   Thumb Code    12  dretinf.o(x$fpl$dretinf)
    __aeabi_cdrcmple                         0x08002ee9   Thumb Code     0  drleqf.o(x$fpl$drleqf)
    _drcmple                                 0x08002ee9   Thumb Code   108  drleqf.o(x$fpl$drleqf)
    __aeabi_drsub                            0x08002f55   Thumb Code     0  daddsub_clz.o(x$fpl$drsb)
    _drsb                                    0x08002f55   Thumb Code    22  daddsub_clz.o(x$fpl$drsb)
    _dsqrt                                   0x08002f6d   Thumb Code   456  dsqrt_noumaal.o(x$fpl$dsqrt)
    __aeabi_dsub                             0x08003139   Thumb Code     0  daddsub_clz.o(x$fpl$dsub)
    _dsub                                    0x08003139   Thumb Code   464  daddsub_clz.o(x$fpl$dsub)
    __aeabi_f2d                              0x0800330d   Thumb Code     0  f2d.o(x$fpl$f2d)
    _f2d                                     0x0800330d   Thumb Code    86  f2d.o(x$fpl$f2d)
    __aeabi_fadd                             0x08003365   Thumb Code     0  faddsub_clz.o(x$fpl$fadd)
    _fadd                                    0x08003365   Thumb Code   196  faddsub_clz.o(x$fpl$fadd)
    __fpl_fcmp_Inf                           0x08003429   Thumb Code    24  fcmpi.o(x$fpl$fcmpinf)
    __aeabi_cfcmpeq                          0x08003441   Thumb Code     0  feqf.o(x$fpl$feqf)
    _fcmpeq                                  0x08003441   Thumb Code   104  feqf.o(x$fpl$feqf)
    __aeabi_f2uiz                            0x080034a9   Thumb Code     0  ffixu.o(x$fpl$ffixu)
    _ffixu                                   0x080034a9   Thumb Code    62  ffixu.o(x$fpl$ffixu)
    __aeabi_i2f                              0x080034e9   Thumb Code     0  fflt_clz.o(x$fpl$fflt)
    _fflt                                    0x080034e9   Thumb Code    48  fflt_clz.o(x$fpl$fflt)
    __aeabi_ui2f                             0x08003519   Thumb Code     0  fflt_clz.o(x$fpl$ffltu)
    _ffltu                                   0x08003519   Thumb Code    38  fflt_clz.o(x$fpl$ffltu)
    __aeabi_cfcmple                          0x08003541   Thumb Code     0  fleqf.o(x$fpl$fleqf)
    _fcmple                                  0x08003541   Thumb Code   104  fleqf.o(x$fpl$fleqf)
    __fpl_fcmple_InfNaN                      0x08003593   Thumb Code     0  fleqf.o(x$fpl$fleqf)
    __aeabi_fmul                             0x080035a9   Thumb Code     0  fmul.o(x$fpl$fmul)
    _fmul                                    0x080035a9   Thumb Code   258  fmul.o(x$fpl$fmul)
    __fpl_fnaninf                            0x080036ab   Thumb Code   140  fnaninf.o(x$fpl$fnaninf)
    __fpl_fretinf                            0x08003737   Thumb Code    10  fretinf.o(x$fpl$fretinf)
    __aeabi_cfrcmple                         0x08003741   Thumb Code     0  frleqf.o(x$fpl$frleqf)
    _frcmple                                 0x08003741   Thumb Code    98  frleqf.o(x$fpl$frleqf)
    __aeabi_frsub                            0x080037a3   Thumb Code     0  faddsub_clz.o(x$fpl$frsb)
    _frsb                                    0x080037a3   Thumb Code    20  faddsub_clz.o(x$fpl$frsb)
    __aeabi_fsub                             0x080037b9   Thumb Code     0  faddsub_clz.o(x$fpl$fsub)
    _fsub                                    0x080037b9   Thumb Code   234  faddsub_clz.o(x$fpl$fsub)
    __aeabi_d2lz                             0x080038a5   Thumb Code     0  dfixll.o(x$fpl$llsfromd)
    _ll_sfrom_d                              0x080038a5   Thumb Code   194  dfixll.o(x$fpl$llsfromd)
    __fpl_return_NaN                         0x08003967   Thumb Code   100  retnan.o(x$fpl$retnan)
    __ARM_scalbn                             0x080039cb   Thumb Code    92  scalbn.o(x$fpl$scalbn)
    __fpl_cmpreturn                          0x08003a27   Thumb Code    48  trapv.o(x$fpl$trapveneer)
    __I$use$fp                               0x08003a56   Number         0  usenofp.o(x$fpl$usenofp)
    table                                    0x08003a56   Data          10  lcd1602.o(.constdata)
    __mathlib_zero                           0x08003ae8   Data           8  qnan.o(.constdata)
    Region$$Table$$Base                      0x08003af0   Number         0  anon$$obj.o(Region$$Table)
    Region$$Table$$Limit                     0x08003b10   Number         0  anon$$obj.o(Region$$Table)
    temperature                              0x20000000   Data           8  main.o(.data)
    relate_pwm                               0x20000014   Data           4  main.o(.data)
    setting_temperture                       0x20000018   Data           8  main.o(.data)
    GET_TEMP_SIGN                            0x20000020   Data           4  main.o(.data)
    PID_CAL_SIGN                             0x20000024   Data           4  main.o(.data)
    GET_KEY_SIGN                             0x20000028   Data           4  main.o(.data)
    key                                      0x2000002c   Data           1  main.o(.data)
    times                                    0x2000002e   Data           2  main.o(.data)
    start                                    0x20000030   Data           1  main.o(.data)
    SystemCoreClock                          0x20000034   Data           4  system_stm32f10x.o(.data)
    AHBPrescTable                            0x20000038   Data          16  system_stm32f10x.o(.data)
    ticks                                    0x2000004c   Data           4  timer.o(.data)
    __stdout                                 0x20000068   Data           4  usart.o(.data)
    USART_RX_STA                             0x2000006c   Data           2  usart.o(.data)
    pid_temp                                 0x20000070   Data         116  main.o(.bss)
    USART_RX_BUF                             0x200000e4   Data         200  usart.o(.bss)
    __libspace_start                         0x200001ac   Data          96  libspace.o(.bss)
    __temporary_stack_top$libspace           0x2000020c   Data           0  libspace.o(.bss)



==============================================================================

Memory Map of the image

  Image Entry point : 0x080000ed

  Load Region LR_IROM1 (Base: 0x08000000, Size: 0x00003b80, Max: 0x00010000, ABSOLUTE)

    Execution Region ER_IROM1 (Exec base: 0x08000000, Load base: 0x08000000, Size: 0x00003b10, Max: 0x00010000, ABSOLUTE)

    Exec Addr    Load Addr    Size         Type   Attr      Idx    E Section Name        Object

    0x08000000   0x08000000   0x000000ec   Data   RO          501    RESET               startup_stm32f10x_md.o
    0x080000ec   0x080000ec   0x00000008   Code   RO         3588  * !!!main             c_w.l(__main.o)
    0x080000f4   0x080000f4   0x00000034   Code   RO         3884    !!!scatter          c_w.l(__scatter.o)
    0x08000128   0x08000128   0x0000001a   Code   RO         3886    !!handler_copy      c_w.l(__scatter_copy.o)
    0x08000142   0x08000142   0x00000002   PAD
    0x08000144   0x08000144   0x0000001c   Code   RO         3888    !!handler_zi        c_w.l(__scatter_zi.o)
    0x08000160   0x08000160   0x00000002   Code   RO         3753    .ARM.Collect$$libinit$$00000000  c_w.l(libinit.o)
    0x08000162   0x08000162   0x00000000   Code   RO         3763    .ARM.Collect$$libinit$$00000002  c_w.l(libinit2.o)
    0x08000162   0x08000162   0x00000000   Code   RO         3765    .ARM.Collect$$libinit$$00000004  c_w.l(libinit2.o)
    0x08000162   0x08000162   0x00000000   Code   RO         3768    .ARM.Collect$$libinit$$0000000A  c_w.l(libinit2.o)
    0x08000162   0x08000162   0x00000000   Code   RO         3770    .ARM.Collect$$libinit$$0000000C  c_w.l(libinit2.o)
    0x08000162   0x08000162   0x00000000   Code   RO         3772    .ARM.Collect$$libinit$$0000000E  c_w.l(libinit2.o)
    0x08000162   0x08000162   0x00000000   Code   RO         3775    .ARM.Collect$$libinit$$00000011  c_w.l(libinit2.o)
    0x08000162   0x08000162   0x00000000   Code   RO         3777    .ARM.Collect$$libinit$$00000013  c_w.l(libinit2.o)
    0x08000162   0x08000162   0x00000000   Code   RO         3779    .ARM.Collect$$libinit$$00000015  c_w.l(libinit2.o)
    0x08000162   0x08000162   0x00000000   Code   RO         3781    .ARM.Collect$$libinit$$00000017  c_w.l(libinit2.o)
    0x08000162   0x08000162   0x00000000   Code   RO         3783    .ARM.Collect$$libinit$$00000019  c_w.l(libinit2.o)
    0x08000162   0x08000162   0x00000000   Code   RO         3785    .ARM.Collect$$libinit$$0000001B  c_w.l(libinit2.o)
    0x08000162   0x08000162   0x00000000   Code   RO         3787    .ARM.Collect$$libinit$$0000001D  c_w.l(libinit2.o)
    0x08000162   0x08000162   0x00000000   Code   RO         3789    .ARM.Collect$$libinit$$0000001F  c_w.l(libinit2.o)
    0x08000162   0x08000162   0x00000000   Code   RO         3791    .ARM.Collect$$libinit$$00000021  c_w.l(libinit2.o)
    0x08000162   0x08000162   0x00000000   Code   RO         3793    .ARM.Collect$$libinit$$00000023  c_w.l(libinit2.o)
    0x08000162   0x08000162   0x00000000   Code   RO         3795    .ARM.Collect$$libinit$$00000025  c_w.l(libinit2.o)
    0x08000162   0x08000162   0x00000000   Code   RO         3799    .ARM.Collect$$libinit$$0000002C  c_w.l(libinit2.o)
    0x08000162   0x08000162   0x00000000   Code   RO         3801    .ARM.Collect$$libinit$$0000002E  c_w.l(libinit2.o)
    0x08000162   0x08000162   0x00000000   Code   RO         3803    .ARM.Collect$$libinit$$00000030  c_w.l(libinit2.o)
    0x08000162   0x08000162   0x00000000   Code   RO         3805    .ARM.Collect$$libinit$$00000032  c_w.l(libinit2.o)
    0x08000162   0x08000162   0x00000002   Code   RO         3806    .ARM.Collect$$libinit$$00000033  c_w.l(libinit2.o)
    0x08000164   0x08000164   0x00000002   Code   RO         3836    .ARM.Collect$$libshutdown$$00000000  c_w.l(libshutdown.o)
    0x08000166   0x08000166   0x00000000   Code   RO         3850    .ARM.Collect$$libshutdown$$00000002  c_w.l(libshutdown2.o)
    0x08000166   0x08000166   0x00000000   Code   RO         3852    .ARM.Collect$$libshutdown$$00000004  c_w.l(libshutdown2.o)
    0x08000166   0x08000166   0x00000000   Code   RO         3855    .ARM.Collect$$libshutdown$$00000007  c_w.l(libshutdown2.o)
    0x08000166   0x08000166   0x00000000   Code   RO         3858    .ARM.Collect$$libshutdown$$0000000A  c_w.l(libshutdown2.o)
    0x08000166   0x08000166   0x00000000   Code   RO         3860    .ARM.Collect$$libshutdown$$0000000C  c_w.l(libshutdown2.o)
    0x08000166   0x08000166   0x00000000   Code   RO         3863    .ARM.Collect$$libshutdown$$0000000F  c_w.l(libshutdown2.o)
    0x08000166   0x08000166   0x00000002   Code   RO         3864    .ARM.Collect$$libshutdown$$00000010  c_w.l(libshutdown2.o)
    0x08000168   0x08000168   0x00000000   Code   RO         3664    .ARM.Collect$$rtentry$$00000000  c_w.l(__rtentry.o)
    0x08000168   0x08000168   0x00000000   Code   RO         3712    .ARM.Collect$$rtentry$$00000002  c_w.l(__rtentry2.o)
    0x08000168   0x08000168   0x00000006   Code   RO         3724    .ARM.Collect$$rtentry$$00000004  c_w.l(__rtentry4.o)
    0x0800016e   0x0800016e   0x00000000   Code   RO         3714    .ARM.Collect$$rtentry$$00000009  c_w.l(__rtentry2.o)
    0x0800016e   0x0800016e   0x00000004   Code   RO         3715    .ARM.Collect$$rtentry$$0000000A  c_w.l(__rtentry2.o)
    0x08000172   0x08000172   0x00000000   Code   RO         3717    .ARM.Collect$$rtentry$$0000000C  c_w.l(__rtentry2.o)
    0x08000172   0x08000172   0x00000008   Code   RO         3718    .ARM.Collect$$rtentry$$0000000D  c_w.l(__rtentry2.o)
    0x0800017a   0x0800017a   0x00000002   Code   RO         3756    .ARM.Collect$$rtexit$$00000000  c_w.l(rtexit.o)
    0x0800017c   0x0800017c   0x00000000   Code   RO         3810    .ARM.Collect$$rtexit$$00000002  c_w.l(rtexit2.o)
    0x0800017c   0x0800017c   0x00000004   Code   RO         3811    .ARM.Collect$$rtexit$$00000003  c_w.l(rtexit2.o)
    0x08000180   0x08000180   0x00000006   Code   RO         3812    .ARM.Collect$$rtexit$$00000004  c_w.l(rtexit2.o)
    0x08000186   0x08000186   0x00000002   PAD
    0x08000188   0x08000188   0x00000040   Code   RO          502    .text               startup_stm32f10x_md.o
    0x080001c8   0x080001c8   0x00000002   Code   RO         3582    .text               c_w.l(use_no_semi_2.o)
    0x080001ca   0x080001ca   0x00000048   Code   RO         3584    .text               c_w.l(llsdiv.o)
    0x08000212   0x08000212   0x00000006   Code   RO         3586    .text               c_w.l(heapauxi.o)
    0x08000218   0x08000218   0x00000002   Code   RO         3662    .text               c_w.l(use_no_semi.o)
    0x0800021a   0x0800021a   0x000000ee   Code   RO         3665    .text               c_w.l(lludivv7m.o)
    0x08000308   0x08000308   0x00000016   Code   RO         3667    .text               c_w.l(_rserrno.o)
    0x0800031e   0x0800031e   0x00000002   PAD
    0x08000320   0x08000320   0x00000008   Code   RO         3733    .text               c_w.l(rt_errno_addr_intlibspace.o)
    0x08000328   0x08000328   0x00000008   Code   RO         3739    .text               c_w.l(libspace.o)
    0x08000330   0x08000330   0x0000004a   Code   RO         3742    .text               c_w.l(sys_stackheap_outer.o)
    0x0800037a   0x0800037a   0x00000012   Code   RO         3746    .text               c_w.l(exit.o)
    0x0800038c   0x0800038c   0x00000004   Code   RO          163    i.BusFault_Handler  stm32f10x_it.o
    0x08000390   0x08000390   0x00000064   Code   RO          286    i.DS18B20_Check     ds18b20.o
    0x080003f4   0x080003f4   0x0000008c   Code   RO          287    i.DS18B20_Get_Temp  ds18b20.o
    0x08000480   0x08000480   0x00000040   Code   RO          288    i.DS18B20_Init      ds18b20.o
    0x080004c0   0x080004c0   0x0000006c   Code   RO          289    i.DS18B20_Read_Bit  ds18b20.o
    0x0800052c   0x0800052c   0x00000022   Code   RO          290    i.DS18B20_Read_Byte  ds18b20.o
    0x0800054e   0x0800054e   0x00000002   PAD
    0x08000550   0x08000550   0x00000044   Code   RO          291    i.DS18B20_Rst       ds18b20.o
    0x08000594   0x08000594   0x00000018   Code   RO          292    i.DS18B20_Start     ds18b20.o
    0x080005ac   0x080005ac   0x00000074   Code   RO          293    i.DS18B20_Write_Byte  ds18b20.o
    0x08000620   0x08000620   0x00000002   Code   RO          164    i.DebugMon_Handler  stm32f10x_it.o
    0x08000622   0x08000622   0x00000116   Code   RO         1657    i.GPIO_Init         stm32f10x_gpio.o
    0x08000738   0x08000738   0x00000090   Code   RO         1659    i.GPIO_PinRemapConfig  stm32f10x_gpio.o
    0x080007c8   0x080007c8   0x00000008   Code   RO         1662    i.GPIO_ReadOutputData  stm32f10x_gpio.o
    0x080007d0   0x080007d0   0x00000004   Code   RO         1664    i.GPIO_ResetBits    stm32f10x_gpio.o
    0x080007d4   0x080007d4   0x00000004   Code   RO         1665    i.GPIO_SetBits      stm32f10x_gpio.o
    0x080007d8   0x080007d8   0x00000004   Code   RO         1667    i.GPIO_Write        stm32f10x_gpio.o
    0x080007dc   0x080007dc   0x00000080   Code   RO            1    i.Get_Temp          main.o
    0x0800085c   0x0800085c   0x00000004   Code   RO          165    i.HardFault_Handler  stm32f10x_it.o
    0x08000860   0x08000860   0x00000024   Code   RO          383    i.KEY_Init          key.o
    0x08000884   0x08000884   0x000000b8   Code   RO          340    i.LCD1602Init       lcd1602.o
    0x0800093c   0x0800093c   0x00000078   Code   RO          341    i.LCD1602Write_com  lcd1602.o
    0x080009b4   0x080009b4   0x00000078   Code   RO          342    i.LCD1602Write_data  lcd1602.o
    0x08000a2c   0x08000a2c   0x00000148   Code   RO          343    i.LCD_Write_Number  lcd1602.o
    0x08000b74   0x08000b74   0x0000002e   Code   RO          344    i.LCD_Write_String  lcd1602.o
    0x08000ba2   0x08000ba2   0x00000002   PAD
    0x08000ba4   0x08000ba4   0x00000038   Code   RO         3568    i.LED_Init          led.o
    0x08000bdc   0x08000bdc   0x00000004   Code   RO          166    i.MemManage_Handler  stm32f10x_it.o
    0x08000be0   0x08000be0   0x00000002   Code   RO          167    i.NMI_Handler       stm32f10x_it.o
    0x08000be2   0x08000be2   0x00000002   PAD
    0x08000be4   0x08000be4   0x00000070   Code   RO          506    i.NVIC_Init         misc.o
    0x08000c54   0x08000c54   0x00000014   Code   RO          507    i.NVIC_PriorityGroupConfig  misc.o
    0x08000c68   0x08000c68   0x0000008c   Code   RO            2    i.PID_CALCULATE     main.o
    0x08000cf4   0x08000cf4   0x0000003c   Code   RO          442    i.PID_struct_init   pid.o
    0x08000d30   0x08000d30   0x00000002   Code   RO          168    i.PendSV_Handler    stm32f10x_it.o
    0x08000d32   0x08000d32   0x00000002   PAD
    0x08000d34   0x08000d34   0x00000020   Code   RO         2073    i.RCC_APB1PeriphClockCmd  stm32f10x_rcc.o
    0x08000d54   0x08000d54   0x00000020   Code   RO         2075    i.RCC_APB2PeriphClockCmd  stm32f10x_rcc.o
    0x08000d74   0x08000d74   0x000000d4   Code   RO         2083    i.RCC_GetClocksFreq  stm32f10x_rcc.o
    0x08000e48   0x08000e48   0x00000002   Code   RO          169    i.SVC_Handler       stm32f10x_it.o
    0x08000e4a   0x08000e4a   0x00000008   Code   RO          252    i.SetSysClock       system_stm32f10x.o
    0x08000e52   0x08000e52   0x00000002   PAD
    0x08000e54   0x08000e54   0x000000e0   Code   RO          253    i.SetSysClockTo72   system_stm32f10x.o
    0x08000f34   0x08000f34   0x00000028   Code   RO          510    i.SysTick_CLKSourceConfig  misc.o
    0x08000f5c   0x08000f5c   0x00000002   Code   RO          170    i.SysTick_Handler   stm32f10x_it.o
    0x08000f5e   0x08000f5e   0x00000002   PAD
    0x08000f60   0x08000f60   0x00000060   Code   RO          255    i.SystemInit        system_stm32f10x.o
    0x08000fc0   0x08000fc0   0x00000016   Code   RO          402    i.TIM2_IRQHandler   timer.o
    0x08000fd6   0x08000fd6   0x00000002   PAD
    0x08000fd8   0x08000fd8   0x000000a8   Code   RO          404    i.TIM2_PWM_Init     timer.o
    0x08001080   0x08001080   0x0000007c   Code   RO          405    i.TIM3_IRQHandler   timer.o
    0x080010fc   0x080010fc   0x00000060   Code   RO          406    i.TIM3_Int_Init     timer.o
    0x0800115c   0x0800115c   0x00000018   Code   RO         2695    i.TIM_ARRPreloadConfig  stm32f10x_tim.o
    0x08001174   0x08001174   0x00000006   Code   RO         2702    i.TIM_ClearITPendingBit  stm32f10x_tim.o
    0x0800117a   0x0800117a   0x00000018   Code   RO         2707    i.TIM_Cmd           stm32f10x_tim.o
    0x08001192   0x08001192   0x00000022   Code   RO         2728    i.TIM_GetITStatus   stm32f10x_tim.o
    0x080011b4   0x080011b4   0x00000012   Code   RO         2732    i.TIM_ITConfig      stm32f10x_tim.o
    0x080011c6   0x080011c6   0x00000002   PAD
    0x080011c8   0x080011c8   0x000000a4   Code   RO         2741    i.TIM_OC2Init       stm32f10x_tim.o
    0x0800126c   0x0800126c   0x0000001a   Code   RO         2744    i.TIM_OC2PreloadConfig  stm32f10x_tim.o
    0x08001286   0x08001286   0x00000004   Code   RO         2769    i.TIM_SetCompare2   stm32f10x_tim.o
    0x0800128a   0x0800128a   0x00000002   PAD
    0x0800128c   0x0800128c   0x000000a4   Code   RO         2778    i.TIM_TimeBaseInit  stm32f10x_tim.o
    0x08001330   0x08001330   0x00000088   Code   RO         3527    i.USART1_IRQHandler  usart.o
    0x080013b8   0x080013b8   0x00000018   Code   RO         3243    i.USART_Cmd         stm32f10x_usart.o
    0x080013d0   0x080013d0   0x00000054   Code   RO         3247    i.USART_GetITStatus  stm32f10x_usart.o
    0x08001424   0x08001424   0x0000004a   Code   RO         3249    i.USART_ITConfig    stm32f10x_usart.o
    0x0800146e   0x0800146e   0x00000002   PAD
    0x08001470   0x08001470   0x000000d8   Code   RO         3250    i.USART_Init        stm32f10x_usart.o
    0x08001548   0x08001548   0x0000000a   Code   RO         3257    i.USART_ReceiveData  stm32f10x_usart.o
    0x08001552   0x08001552   0x00000004   Code   RO          171    i.UsageFault_Handler  stm32f10x_it.o
    0x08001556   0x08001556   0x00000028   Code   RO         3698    i.__ARM_fpclassify  m_ws.l(fpclassify.o)
    0x0800157e   0x0800157e   0x000000aa   Code   RO         3700    i.__kernel_poly     m_ws.l(poly.o)
    0x08001628   0x08001628   0x00000010   Code   RO         3684    i.__mathlib_dbl_divzero  m_ws.l(dunder.o)
    0x08001638   0x08001638   0x00000004   Code   RO         3686    i.__mathlib_dbl_infnan2  m_ws.l(dunder.o)
    0x0800163c   0x0800163c   0x0000000c   Code   RO         3687    i.__mathlib_dbl_invalid  m_ws.l(dunder.o)
    0x08001648   0x08001648   0x0000000e   Code   RO         3688    i.__mathlib_dbl_overflow  m_ws.l(dunder.o)
    0x08001656   0x08001656   0x00000002   PAD
    0x08001658   0x08001658   0x00000010   Code   RO         3690    i.__mathlib_dbl_underflow  m_ws.l(dunder.o)
    0x08001668   0x08001668   0x00000006   Code   RO         3528    i._sys_exit         usart.o
    0x0800166e   0x0800166e   0x0000004e   Code   RO          443    i.abs_limit         pid.o
    0x080016bc   0x080016bc   0x00000044   Code   RO         3473    i.delay_init        delay.o
    0x08001700   0x08001700   0x0000004c   Code   RO         3474    i.delay_ms          delay.o
    0x0800174c   0x0800174c   0x0000004c   Code   RO         3475    i.delay_us          delay.o
    0x08001798   0x08001798   0x000000a8   Code   RO            3    i.get_key           main.o
    0x08001840   0x08001840   0x00000088   Code   RO            4    i.init              main.o
    0x080018c8   0x080018c8   0x00000098   Code   RO            5    i.main              main.o
    0x08001960   0x08001960   0x00000270   Code   RO          444    i.pid_calc          pid.o
    0x08001bd0   0x08001bd0   0x00000014   Code   RO          445    i.pid_param_init    pid.o
    0x08001be4   0x08001be4   0x00000008   Code   RO          446    i.pid_reset         pid.o
    0x08001bec   0x08001bec   0x000009d8   Code   RO         3653    i.pow               m_ws.l(pow.o)
    0x080025c4   0x080025c4   0x00000084   Code   RO          384    i.scan              key.o
    0x08002648   0x08002648   0x0000004c   Code   RO         3704    i.sqrt              m_ws.l(sqrt.o)
    0x08002694   0x08002694   0x000000a0   Code   RO         3530    i.uart_init         usart.o
    0x08002734   0x08002734   0x00000062   Code   RO         3590    x$fpl$d2f           fz_ws.l(d2f.o)
    0x08002796   0x08002796   0x00000002   PAD
    0x08002798   0x08002798   0x00000150   Code   RO         3592    x$fpl$dadd          fz_ws.l(daddsub_clz.o)
    0x080028e8   0x080028e8   0x00000010   Code   RO         3735    x$fpl$dcheck1       fz_ws.l(dcheck1.o)
    0x080028f8   0x080028f8   0x00000018   Code   RO         3669    x$fpl$dcmpinf       fz_ws.l(dcmpi.o)
    0x08002910   0x08002910   0x000002b0   Code   RO         3599    x$fpl$ddiv          fz_ws.l(ddiv.o)
    0x08002bc0   0x08002bc0   0x0000005e   Code   RO         3602    x$fpl$dfix          fz_ws.l(dfix.o)
    0x08002c1e   0x08002c1e   0x0000002e   Code   RO         3611    x$fpl$dflt          fz_ws.l(dflt_clz.o)
    0x08002c4c   0x08002c4c   0x00000026   Code   RO         3610    x$fpl$dfltu         fz_ws.l(dflt_clz.o)
    0x08002c72   0x08002c72   0x00000002   PAD
    0x08002c74   0x08002c74   0x00000078   Code   RO         3616    x$fpl$dleqf         fz_ws.l(dleqf.o)
    0x08002cec   0x08002cec   0x00000154   Code   RO         3618    x$fpl$dmul          fz_ws.l(dmul.o)
    0x08002e40   0x08002e40   0x0000009c   Code   RO         3671    x$fpl$dnaninf       fz_ws.l(dnaninf.o)
    0x08002edc   0x08002edc   0x0000000c   Code   RO         3673    x$fpl$dretinf       fz_ws.l(dretinf.o)
    0x08002ee8   0x08002ee8   0x0000006c   Code   RO         3620    x$fpl$drleqf        fz_ws.l(drleqf.o)
    0x08002f54   0x08002f54   0x00000016   Code   RO         3593    x$fpl$drsb          fz_ws.l(daddsub_clz.o)
    0x08002f6a   0x08002f6a   0x00000002   PAD
    0x08002f6c   0x08002f6c   0x000001cc   Code   RO         3737    x$fpl$dsqrt         fz_ws.l(dsqrt_noumaal.o)
    0x08003138   0x08003138   0x000001d4   Code   RO         3594    x$fpl$dsub          fz_ws.l(daddsub_clz.o)
    0x0800330c   0x0800330c   0x00000056   Code   RO         3622    x$fpl$f2d           fz_ws.l(f2d.o)
    0x08003362   0x08003362   0x00000002   PAD
    0x08003364   0x08003364   0x000000c4   Code   RO         3624    x$fpl$fadd          fz_ws.l(faddsub_clz.o)
    0x08003428   0x08003428   0x00000018   Code   RO         3675    x$fpl$fcmpinf       fz_ws.l(fcmpi.o)
    0x08003440   0x08003440   0x00000068   Code   RO         3634    x$fpl$feqf          fz_ws.l(feqf.o)
    0x080034a8   0x080034a8   0x0000003e   Code   RO         3636    x$fpl$ffixu         fz_ws.l(ffixu.o)
    0x080034e6   0x080034e6   0x00000002   PAD
    0x080034e8   0x080034e8   0x00000030   Code   RO         3641    x$fpl$fflt          fz_ws.l(fflt_clz.o)
    0x08003518   0x08003518   0x00000026   Code   RO         3640    x$fpl$ffltu         fz_ws.l(fflt_clz.o)
    0x0800353e   0x0800353e   0x00000002   PAD
    0x08003540   0x08003540   0x00000068   Code   RO         3646    x$fpl$fleqf         fz_ws.l(fleqf.o)
    0x080035a8   0x080035a8   0x00000102   Code   RO         3648    x$fpl$fmul          fz_ws.l(fmul.o)
    0x080036aa   0x080036aa   0x0000008c   Code   RO         3677    x$fpl$fnaninf       fz_ws.l(fnaninf.o)
    0x08003736   0x08003736   0x0000000a   Code   RO         3679    x$fpl$fretinf       fz_ws.l(fretinf.o)
    0x08003740   0x08003740   0x00000062   Code   RO         3650    x$fpl$frleqf        fz_ws.l(frleqf.o)
    0x080037a2   0x080037a2   0x00000014   Code   RO         3625    x$fpl$frsb          fz_ws.l(faddsub_clz.o)
    0x080037b6   0x080037b6   0x00000002   PAD
    0x080037b8   0x080037b8   0x000000ea   Code   RO         3626    x$fpl$fsub          fz_ws.l(faddsub_clz.o)
    0x080038a2   0x080038a2   0x00000002   PAD
    0x080038a4   0x080038a4   0x000000c2   Code   RO         3606    x$fpl$llsfromd      fz_ws.l(dfixll.o)
    0x08003966   0x08003966   0x00000064   Code   RO         3754    x$fpl$retnan        fz_ws.l(retnan.o)
    0x080039ca   0x080039ca   0x0000005c   Code   RO         3681    x$fpl$scalbn        fz_ws.l(scalbn.o)
    0x08003a26   0x08003a26   0x00000030   Code   RO         3807    x$fpl$trapveneer    fz_ws.l(trapv.o)
    0x08003a56   0x08003a56   0x00000000   Code   RO         3683    x$fpl$usenofp       fz_ws.l(usenofp.o)
    0x08003a56   0x08003a56   0x0000000a   Data   RO          345    .constdata          lcd1602.o
    0x08003a60   0x08003a60   0x00000088   Data   RO         3654    .constdata          m_ws.l(pow.o)
    0x08003ae8   0x08003ae8   0x00000008   Data   RO         3702    .constdata          m_ws.l(qnan.o)
    0x08003af0   0x08003af0   0x00000020   Data   RO         3882    Region$$Table       anon$$obj.o


    Execution Region RW_IRAM1 (Exec base: 0x20000000, Load base: 0x08003b10, Size: 0x00000810, Max: 0x00005000, ABSOLUTE)

    Exec Addr    Load Addr    Size         Type   Attr      Idx    E Section Name        Object

    0x20000000   0x08003b10   0x00000031   Data   RW            7    .data               main.o
    0x20000031   0x08003b41   0x00000003   PAD
    0x20000034   0x08003b44   0x00000014   Data   RW          256    .data               system_stm32f10x.o
    0x20000048   0x08003b58   0x00000001   Data   RW          385    .data               key.o
    0x20000049   0x08003b59   0x00000003   PAD
    0x2000004c   0x08003b5c   0x00000004   Data   RW          407    .data               timer.o
    0x20000050   0x08003b60   0x00000014   Data   RW         2103    .data               stm32f10x_rcc.o
    0x20000064   0x08003b74   0x00000004   Data   RW         3476    .data               delay.o
    0x20000068   0x08003b78   0x00000006   Data   RW         3532    .data               usart.o
    0x2000006e   0x08003b7e   0x00000002   PAD
    0x20000070        -       0x00000074   Zero   RW            6    .bss                main.o
    0x200000e4        -       0x000000c8   Zero   RW         3531    .bss                usart.o
    0x200001ac        -       0x00000060   Zero   RW         3740    .bss                c_w.l(libspace.o)
    0x2000020c   0x08003b7e   0x00000004   PAD
    0x20000210        -       0x00000200   Zero   RW          500    HEAP                startup_stm32f10x_md.o
    0x20000410        -       0x00000400   Zero   RW          499    STACK               startup_stm32f10x_md.o


==============================================================================

Image component sizes


      Code (inc. data)   RO Data    RW Data    ZI Data      Debug   Object Name

         0          0          0          0          0         32   core_cm3.o
       220         26          0          4          0       1735   delay.o
       654         60          0          0          0       4312   ds18b20.o
       168         14          0          1          0       1078   key.o
       798         50         10          0          0       3891   lcd1602.o
        56          6          0          0          0        491   led.o
       724        136          0         49        116     255998   main.o
       172         22          0          0          0       2065   misc.o
       790         28          0          0          0       4533   pid.o
        64         26        236          0       1536        800   startup_stm32f10x_md.o
       442          6          0          0          0       4965   stm32f10x_gpio.o
        26          0          0          0          0       3722   stm32f10x_it.o
       276         32          0         20          0       4450   stm32f10x_rcc.o
       464         52          0          0          0       5972   stm32f10x_tim.o
       408          6          0          0          0       5006   stm32f10x_usart.o
       328         28          0         20          0       2097   system_stm32f10x.o
       410         42          0          4          0       2484   timer.o
       302         22          0          6        200       3644   usart.o

    ----------------------------------------------------------------------
      6322        556        278        112       1852     307275   Object Totals
         0          0         32          0          0          0   (incl. Generated)
        20          0          0          8          0          0   (incl. Padding)

    ----------------------------------------------------------------------

      Code (inc. data)   RO Data    RW Data    ZI Data      Debug   Library Member Name

         8          0          0          0          0         68   __main.o
         0          0          0          0          0          0   __rtentry.o
        12          0          0          0          0          0   __rtentry2.o
         6          0          0          0          0          0   __rtentry4.o
        52          8          0          0          0          0   __scatter.o
        26          0          0          0          0          0   __scatter_copy.o
        28          0          0          0          0          0   __scatter_zi.o
        22          0          0          0          0        100   _rserrno.o
        18          0          0          0          0         80   exit.o
         6          0          0          0          0        152   heapauxi.o
         2          0          0          0          0          0   libinit.o
         2          0          0          0          0          0   libinit2.o
         2          0          0          0          0          0   libshutdown.o
         2          0          0          0          0          0   libshutdown2.o
         8          4          0          0         96         68   libspace.o
        72          0          0          0          0         76   llsdiv.o
       238          0          0          0          0        100   lludivv7m.o
         8          4          0          0          0         68   rt_errno_addr_intlibspace.o
         2          0          0          0          0          0   rtexit.o
        10          0          0          0          0          0   rtexit2.o
        74          0          0          0          0         80   sys_stackheap_outer.o
         2          0          0          0          0         68   use_no_semi.o
         2          0          0          0          0         68   use_no_semi_2.o
        98          4          0          0          0         92   d2f.o
       826         16          0          0          0        348   daddsub_clz.o
        16          4          0          0          0         68   dcheck1.o
        24          0          0          0          0         68   dcmpi.o
       688        140          0          0          0        208   ddiv.o
        94          4          0          0          0         92   dfix.o
       194          4          0          0          0        116   dfixll.o
        84          0          0          0          0        136   dflt_clz.o
       120          4          0          0          0         92   dleqf.o
       340         12          0          0          0        104   dmul.o
       156          4          0          0          0         92   dnaninf.o
        12          0          0          0          0         68   dretinf.o
       108          0          0          0          0         80   drleqf.o
       460         56          0          0          0        120   dsqrt_noumaal.o
        86          4          0          0          0         84   f2d.o
       450          8          0          0          0        236   faddsub_clz.o
        24          0          0          0          0         68   fcmpi.o
       104          4          0          0          0         84   feqf.o
        62          4          0          0          0         84   ffixu.o
        86          0          0          0          0        136   fflt_clz.o
       104          4          0          0          0         84   fleqf.o
       258          4          0          0          0         84   fmul.o
       140          4          0          0          0         84   fnaninf.o
        10          0          0          0          0         68   fretinf.o
        98          0          0          0          0         68   frleqf.o
       100          0          0          0          0         68   retnan.o
        92          0          0          0          0         68   scalbn.o
        48          0          0          0          0         68   trapv.o
         0          0          0          0          0          0   usenofp.o
        62         10          0          0          0        340   dunder.o
        40          0          0          0          0         68   fpclassify.o
       170          0          0          0          0         96   poly.o
      2520        190        136          0          0        324   pow.o
         0          0          8          0          0          0   qnan.o
        76          0          0          0          0         84   sqrt.o

    ----------------------------------------------------------------------
      8376        496        144          0        100       4808   Library Totals
        24          0          0          0          4          0   (incl. Padding)

    ----------------------------------------------------------------------

      Code (inc. data)   RO Data    RW Data    ZI Data      Debug   Library Name

       602         16          0          0         96        928   c_w.l
      4882        280          0          0          0       2968   fz_ws.l
      2868        200        144          0          0        912   m_ws.l

    ----------------------------------------------------------------------
      8376        496        144          0        100       4808   Library Totals

    ----------------------------------------------------------------------

==============================================================================


      Code (inc. data)   RO Data    RW Data    ZI Data      Debug   

     14698       1052        422        112       1952     305839   Grand Totals
     14698       1052        422        112       1952     305839   ELF Image Totals
     14698       1052        422        112          0          0   ROM Totals

==============================================================================

    Total RO  Size (Code + RO Data)                15120 (  14.77kB)
    Total RW  Size (RW Data + ZI Data)              2064 (   2.02kB)
    Total ROM Size (Code + RO Data + RW Data)      15232 (  14.88kB)

==============================================================================

